\BOOKMARK [0][-]{part.0}{\376\377\0000\000\040\000C\000h\000a\000p\000t\000e\000r\000s\000\040\000s\000u\000b\000d\000i\000v\000i\000s\000i\000o\000n}{}% 1
\BOOKMARK [0][-]{part.1}{\376\377\0001\000\040\000I\000n\000t\000r\000o\000d\000u\000c\000t\000i\000o\000n}{}% 2
\BOOKMARK [1][-]{subsection.1.1}{\376\377\000H\000i\000g\000h\000\040\000L\000u\000m\000i\000n\000o\000s\000i\000t\000y\000\040\000B\000\040\000F\000a\000c\000t\000o\000r\000y}{part.1}% 3
\BOOKMARK [2][-]{subsection.1.2}{\376\377\000A\000n\000t\000i\000-\000n\000e\000u\000t\000r\000o\000n\000\040\000i\000n\000\040\000H\000E\000P\000\040\000p\000h\000y\000s\000i\000c\000s}{subsection.1.1}% 4
\BOOKMARK [3][-]{subsubsection.1.2.1}{\376\377\000A\000n\000t\000i\000-\000n\000e\000u\000t\000r\000o\000n\000\040\000i\000n\000t\000e\000r\000a\000c\000t\000i\000o\000n\000s\000\040\000i\000n\000\040\000p\000h\000y\000s\000i\000c\000s}{subsection.1.2}% 5
\BOOKMARK [3][-]{subsubsection.1.2.2}{\376\377\000T\000h\000e\000\040\000a\000n\000t\000i\000-\000n\000u\000c\000l\000e\000o\000n\040\023\000n\000u\000c\000l\000e\000o\000n\000\040\000i\000n\000t\000e\000r\000a\000c\000t\000i\000o\000n}{subsection.1.2}% 6
\BOOKMARK [3][-]{subsubsection.1.2.3}{\376\377\000E\000l\000e\000c\000t\000r\000o\000m\000a\000g\000n\000e\000t\000i\000c\000\040\000a\000n\000d\000\040\000h\000a\000d\000r\000o\000n\000i\000c\000\040\000s\000h\000o\000w\000e\000r\000s}{subsection.1.2}% 7
\BOOKMARK [2][-]{subsection.1.3}{\376\377\000T\000h\000e\000\040\000M\000A\000N\000T\000R\000A\000\040\000P\000r\000o\000j\000e\000c\000t}{subsection.1.1}% 8
\BOOKMARK [0][-]{part.2}{\376\377\0002\000\040\000T\000h\000e\000\040\000B\000e\000l\000l\000e\000\040\000I\000I\000\040\000e\000x\000p\000e\000r\000i\000m\000e\000n\000t}{}% 9
\BOOKMARK [1][-]{subsection.1.1}{\376\377\000T\000h\000e\000\040\000S\000u\000p\000e\000r\000K\000E\000K\000B\000\040\000c\000o\000l\000l\000i\000d\000e\000r}{part.2}% 10
\BOOKMARK [2][-]{subsection.1.2}{\376\377\000T\000h\000e\000\040\000B\000e\000l\000l\000e\000\040\000I\000I\000\040\000d\000e\000t\000e\000c\000t\000o\000r}{subsection.1.1}% 11
\BOOKMARK [3][-]{subsubsection.1.2.1}{\376\377\000T\000h\000e\000\040\000v\000e\000r\000t\000e\000x\000\040\000d\000e\000t\000e\000c\000t\000o\000r\000\040\000V\000X\000D}{subsection.1.2}% 12
\BOOKMARK [3][-]{subsubsection.1.2.2}{\376\377\000T\000h\000e\000\040\000C\000e\000n\000t\000r\000a\000l\000\040\000D\000r\000i\000f\000t\000\040\000C\000h\000a\000m\000b\000e\000r\000\040\000\050\000C\000D\000C\000\051}{subsection.1.2}% 13
\BOOKMARK [3][-]{subsubsection.1.2.3}{\376\377\000P\000I\000D\000\040\000s\000y\000s\000t\000e\000m\000s\000:\000\040\000T\000O\000P\000\040\000a\000n\000d\000\040\000A\000R\000I\000C\000H}{subsection.1.2}% 14
\BOOKMARK [3][-]{subsubsection.1.2.4}{\376\377\000T\000h\000e\000\040\000E\000l\000e\000c\000t\000r\000o\000m\000a\000g\000n\000e\000t\000i\000c\000\040\000C\000a\000l\000o\000r\000i\000m\000e\000t\000e\000r\000\040\000\050\000E\000C\000L\000\051}{subsection.1.2}% 15
\BOOKMARK [3][-]{subsubsection.1.2.5}{\376\377\000T\000h\000e\000\040\000s\000o\000l\000e\000n\000o\000i\000d\000\040\000a\000n\000d\000\040\000i\000r\000o\000n\000\040\000s\000t\000r\000u\000c\000t\000u\000r\000e}{subsection.1.2}% 16
\BOOKMARK [3][-]{subsubsection.1.2.6}{\376\377\000T\000h\000e\000\040\000K\000L\000\040\000a\000n\000d\000\040\000M\000u\000o\000n\000\040\000D\000e\000t\000e\000c\000t\000o\000r\000\040\000\050\000K\000L\000M\000\051}{subsection.1.2}% 17
\BOOKMARK [0][-]{part.3}{\376\377\0003\000\040\000T\000h\000e\000\040\000B\000e\000l\000l\000e\000\040\000I\000I\000\040\000A\000n\000a\000l\000y\000s\000i\000s\000\040\000S\000o\000f\000t\000w\000a\000r\000e\000\040\000F\000r\000a\000m\000e\000w\000o\000r\000k}{}% 18
\BOOKMARK [1][-]{subsection.1.1}{\376\377\000M\000o\000n\000t\000e\000\040\000C\000a\000r\000l\000o\000\040\000s\000i\000m\000u\000l\000a\000t\000i\000o\000n}{part.3}% 19
\BOOKMARK [2][-]{subsection.1.2}{\376\377\000R\000e\000c\000o\000n\000s\000t\000r\000u\000c\000t\000i\000o\000n}{subsection.1.1}% 20
\BOOKMARK [3][-]{subsubsection.1.2.1}{\376\377\000T\000h\000e\000\040\000E\000C\000L\000\040\000r\000e\000c\000o\000n\000s\000t\000r\000u\000c\000t\000i\000o\000n\000\040\000a\000l\000g\000o\000r\000i\000t\000h\000m}{subsection.1.2}% 21
\BOOKMARK [3][-]{subsubsection.1.2.2}{\376\377\000E\000C\000L\000\040\000p\000e\000r\000f\000o\000r\000m\000a\000n\000c\000e}{subsection.1.2}% 22
\BOOKMARK [2][-]{subsection.1.3}{\376\377\000b\000a\000s\000f\0002\000\040\000m\000o\000d\000u\000l\000e\000s\000\040\000a\000n\000d\000\040\000p\000a\000t\000h}{subsection.1.1}% 23
\BOOKMARK [2][-]{subsection.1.4}{\376\377\000T\000o\000p\000o\000A\000n\000a\000:\000\040\000T\000o\000p\000o\000l\000o\000g\000y\000\040\000A\000n\000a\000l\000y\000s\000i\000s}{subsection.1.1}% 24
\BOOKMARK [0][-]{part.4}{\376\377\0004\000\040\000S\000t\000u\000d\000y\000\040\000o\000f\000\040\000t\000h\000e\000\040\000M\000o\000n\000t\000e\000\040\000C\000a\000r\000l\000o\000\040\000s\000i\000g\000n\000a\000l\000\040\000c\000h\000a\000n\000n\000e\000l}{}% 25
\BOOKMARK [1][-]{subsection.1.1}{\376\377\000K\000i\000n\000e\000m\000a\000t\000i\000c\000\040\000v\000a\000r\000i\000a\000b\000l\000e\000s\000\040\000c\000o\000m\000p\000a\000r\000i\000s\000o\000n}{part.4}% 26
\BOOKMARK [2][-]{subsubsection.1.1.1}{\376\377\000A\000p\000p\000l\000i\000e\000d\000\040\000s\000e\000l\000e\000c\000t\000i\000o\000n\000s\000\040\000a\000n\000d\000\040\000c\000u\000t\000s}{subsection.1.1}% 27
\BOOKMARK [3][-]{subsubsection.1.1.2}{\376\377\000I\000S\000R\000\040\000d\000i\000s\000t\000r\000i\000b\000u\000t\000i\000o\000n\000s}{subsubsection.1.1.1}% 28
\BOOKMARK [3][-]{subsubsection.1.1.3}{\376\377\000T\000h\000e\000\040\000r\000e\000c\000o\000i\000l\000\040\000m\000a\000s\000s}{subsubsection.1.1.1}% 29
\BOOKMARK [3][-]{subsubsection.1.1.4}{\376\377\000T\000h\000e\000\040\000r\000e\000c\000o\000i\000l\000\040\000k\000i\000n\000e\000m\000a\000t\000i\000c}{subsubsection.1.1.1}% 30
\BOOKMARK [2][-]{subsection.1.2}{\376\377\000T\000h\000e\000\040\000\040\000a\000n\000c\000e\000s\000t\000o\000r\000s\000\040\000a\000n\000a\000l\000y\000s\000i\000s}{subsection.1.1}% 31
\BOOKMARK [3][-]{subsubsection.1.2.1}{\376\377\000T\000h\000e\000\040\000a\000n\000c\000e\000s\000t\000o\000r\000\040\000m\000e\000t\000a\000-\000v\000a\000r\000i\000a\000b\000l\000e\000s}{subsection.1.2}% 32
\BOOKMARK [3][-]{subsubsection.1.2.2}{\376\377\000A\000n\000c\000e\000s\000t\000o\000r\000\040\000m\000o\000m\000e\000n\000t\000u\000m}{subsection.1.2}% 33
\BOOKMARK [3][-]{subsubsection.1.2.3}{\376\377\000\040\000v\000e\000r\000t\000e\000x\000\040\000p\000r\000o\000d\000u\000c\000t\000i\000o\000n}{subsection.1.2}% 34
\BOOKMARK [2][-]{subsection.1.3}{\376\377\000K\000i\000n\000e\000m\000a\000t\000i\000c\000\040\000F\000i\000t\000\040\000e\000f\000f\000e\000c\000t\000s}{subsection.1.1}% 35
\BOOKMARK [2][-]{subsection.1.4}{\376\377\000S\000h\000o\000w\000e\000r\000\040\000s\000h\000a\000p\000e\000\040\000v\000a\000r\000i\000a\000b\000l\000e\000s\000\040\000i\000n\000\040\000t\000h\000e\000\040\000s\000i\000g\000n\000a\000l\000\040\000s\000a\000m\000p\000l\000e}{subsection.1.1}% 36
\BOOKMARK [3][-]{subsubsection.1.4.1}{\376\377\000T\000h\000e\000\040\000a\000n\000a\000l\000y\000z\000e\000d\000\040\000s\000h\000o\000w\000e\000r\000\040\000s\000h\000a\000p\000e\000\040\000v\000a\000r\000i\000a\000b\000l\000e\000s}{subsection.1.4}% 37
\BOOKMARK [3][-]{subsubsection.1.4.2}{\376\377\000A\000n\000t\000i\000-\000n\000e\000u\000t\000r\000o\000n\000s\000\040\000E\000C\000L\000\040\000c\000l\000u\000s\000t\000e\000r\000\040\000v\000a\000r\000i\000a\000b\000l\000e\000s}{subsection.1.4}% 38
\BOOKMARK [3][-]{subsubsection.1.4.3}{\376\377\000A\000n\000c\000e\000s\000t\000o\000r\000\040\000c\000l\000u\000s\000t\000e\000r\000\040\000v\000a\000r\000i\000a\000b\000l\000e\000s}{subsection.1.4}% 39
\BOOKMARK [3][-]{subsubsection.1.4.4}{\376\377\000C\000l\000u\000s\000t\000e\000r\000\040\000v\000a\000r\000i\000a\000b\000l\000e\000s\000\040\000i\000n\000\040\000d\000i\000f\000f\000e\000r\000e\000n\000t\000\040\000E\000C\000L\000\040\000r\000e\000g\000i\000o\000n\000s}{subsection.1.4}% 40
\BOOKMARK [2][-]{subsection.1.5}{\376\377\000S\000u\000m\000m\000a\000r\000y\000\040\000o\000f\000\040\000S\000i\000g\000n\000a\000l\000\040\000C\000h\000a\000n\000n\000e\000l\000\040\000A\000n\000a\000l\000y\000s\000i\000s}{subsection.1.1}% 41
\BOOKMARK [0][-]{part.5}{\376\377\0005\000\040\000S\000t\000u\000d\000y\000\040\000o\000f\000\040\000t\000h\000e\000\040\000M\000o\000n\000t\000e\000\040\000C\000a\000r\000l\000o\000\040\000c\000o\000c\000k\000t\000a\000i\000l\000\040\000p\000r\000o\000d\000u\000c\000t\000i\000o\000n}{}% 42
\BOOKMARK [1][-]{subsection.1.1}{\376\377\000I\000n\000t\000r\000o\000d\000u\000c\000t\000i\000o\000n\000\040\000t\000o\000\040\000t\000h\000e\000\040\000B\000e\000l\000l\000e\000\040\000I\000I\000\040\000D\000i\000s\000t\000r\000i\000b\000u\000t\000e\000d\000\040\000C\000o\000m\000p\000u\000t\000i\000n\000g}{part.5}% 43
\BOOKMARK [2][-]{subsubsection.1.1.1}{\376\377\000T\000y\000p\000e\000s\000\040\000o\000f\000\040\000p\000r\000o\000c\000e\000s\000s\000e\000s\000\040\000a\000t\000\040\000t\000h\000e\000\040\000B\000e\000l\000l\000e\000\040\000e\000x\000p\000e\000r\000i\000m\000e\000n\000t\000\040\000e\000n\000v\000i\000r\000o\000m\000e\000n\000t}{subsection.1.1}% 44
\BOOKMARK [2][-]{subsection.1.2}{\376\377\000A\000p\000p\000l\000i\000e\000d\000\040\000s\000e\000l\000e\000c\000t\000i\000o\000n\000s\000\040\000a\000n\000d\000\040\000c\000u\000t\000s}{subsection.1.1}% 45
\BOOKMARK [2][-]{subsection.1.3}{\376\377\000R\000e\000c\000o\000i\000l\000\040\000m\000a\000s\000s\000\040\000i\000n\000\040\000u\000\040\000c\000o\000c\000k\000t\000a\000i\000l\000\040\000p\000r\000o\000d\000u\000c\000t\000i\000o\000n\000\040\000\050\000N\000O\000\040\000I\000S\000R\000\040\000c\000a\000s\000e\000\051}{subsection.1.1}% 46
\BOOKMARK [3][-]{subsubsection.1.3.1}{\376\377\000R\000e\000c\000o\000i\000l\000\040\000m\000a\000s\000s\000\040\000c\000o\000m\000p\000o\000n\000e\000n\000t\000s\000\040\000a\000n\000a\000l\000y\000s\000i\000s}{subsection.1.3}% 47
\BOOKMARK [3][-]{subsubsection.1.3.2}{\376\377\000P\000e\000r\000f\000o\000r\000m\000a\000n\000c\000e\000\040\000m\000e\000t\000r\000i\000c\000s\000\040\000s\000t\000u\000d\000y\000\040\000o\000n\000\040\000\040\000c\000u\000t}{subsection.1.3}% 48
\BOOKMARK [2][-]{subsection.1.4}{\376\377\000q\000\040\000c\000o\000c\000k\000t\000a\000i\000l\000\040\000p\000r\000o\000d\000u\000c\000t\000i\000o\000n\000\040\000\050\000N\000O\000\040\000I\000S\000R\000\040\000c\000a\000s\000e\000\051}{subsection.1.1}% 49
\BOOKMARK [0][-]{part.6}{\376\377\0006\000\040\000S\000i\000g\000n\000a\000l\000\040\000s\000a\000m\000p\000l\000e\000\040\000a\000n\000a\000l\000y\000s\000i\000s\000\040\000s\000c\000r\000i\000p\000t\000s}{}% 50
\BOOKMARK [1][-]{subsection.Alph0.1}{\376\377\000T\000h\000e\000\040\000d\000e\000c\000a\000y\000\040\000f\000i\000l\000e\000\040\000a\000n\000d\000\040\000t\000h\000e\000\040\000g\000e\000n\000e\000r\000a\000t\000i\000o\000n\000\040\000s\000t\000e\000e\000r\000i\000n\000g\000\040\000f\000i\000l\000e}{part.6}% 51
