This is pdfTeX, Version 3.141592653-2.6-1.40.27 (TeX Live 2025) (preloaded format=pdflatex 2026.1.19)  23 MAR 2026 11:45
entering extended mode
 restricted \write18 enabled.
 file:line:error style messages enabled.
 %&-line parsing enabled.
**Zanusso_MSc.tex
(./Zanusso_MSc.tex
LaTeX2e <2024-11-01> patch level 2
L3 programming layer <2025-01-18>
(/usr/local/texlive/2025/texmf-dist/tex/latex/base/article.cls
Document Class: article 2024/06/29 v1.4n Standard LaTeX document class
(/usr/local/texlive/2025/texmf-dist/tex/latex/base/size10.clo
File: size10.clo 2024/06/29 v1.4n Standard LaTeX file (size option)
)
\c@part=\count196
\c@section=\count197
\c@subsection=\count198
\c@subsubsection=\count199
\c@paragraph=\count266
\c@subparagraph=\count267
\c@figure=\count268
\c@table=\count269
\abovecaptionskip=\skip49
\belowcaptionskip=\skip50
\bibindent=\dimen141
)
(/usr/local/texlive/2025/texmf-dist/tex/latex/graphics/graphicx.sty
Package: graphicx 2021/09/16 v1.2d Enhanced LaTeX Graphics (DPC,SPQR)

(/usr/local/texlive/2025/texmf-dist/tex/latex/graphics/keyval.sty
Package: keyval 2022/05/29 v1.15 key=value parser (DPC)
\KV@toks@=\toks17
)
(/usr/local/texlive/2025/texmf-dist/tex/latex/graphics/graphics.sty
Package: graphics 2024/08/06 v1.4g Standard LaTeX Graphics (DPC,SPQR)

(/usr/local/texlive/2025/texmf-dist/tex/latex/graphics/trig.sty
Package: trig 2023/12/02 v1.11 sin cos tan (DPC)
)
(/usr/local/texlive/2025/texmf-dist/tex/latex/graphics-cfg/graphics.cfg
File: graphics.cfg 2016/06/04 v1.11 sample graphics configuration
)
Package graphics Info: Driver file: pdftex.def on input line 106.

(/usr/local/texlive/2025/texmf-dist/tex/latex/graphics-def/pdftex.def
File: pdftex.def 2024/04/13 v1.2c Graphics/color driver for pdftex
))
\Gin@req@height=\dimen142
\Gin@req@width=\dimen143
)
(/usr/local/texlive/2025/texmf-dist/tex/latex/fancyhdr/fancyhdr.sty
Package: fancyhdr 2025/02/07 v5.2 Extensive control of page headers and footers

\f@nch@headwidth=\skip51
\f@nch@offset@elh=\skip52
\f@nch@offset@erh=\skip53
\f@nch@offset@olh=\skip54
\f@nch@offset@orh=\skip55
\f@nch@offset@elf=\skip56
\f@nch@offset@erf=\skip57
\f@nch@offset@olf=\skip58
\f@nch@offset@orf=\skip59
\f@nch@height=\skip60
\f@nch@footalignment=\skip61
\f@nch@widthL=\skip62
\f@nch@widthC=\skip63
\f@nch@widthR=\skip64
\@temptokenb=\toks18
)
(/usr/local/texlive/2025/texmf-dist/tex/latex/xcolor/xcolor.sty
Package: xcolor 2024/09/29 v3.02 LaTeX color extensions (UK)

(/usr/local/texlive/2025/texmf-dist/tex/latex/graphics-cfg/color.cfg
File: color.cfg 2016/01/02 v1.6 sample color configuration
)
Package xcolor Info: Driver file: pdftex.def on input line 274.

(/usr/local/texlive/2025/texmf-dist/tex/latex/graphics/mathcolor.ltx)
Package xcolor Info: Model `cmy' substituted by `cmy0' on input line 1349.
Package xcolor Info: Model `hsb' substituted by `rgb' on input line 1353.
Package xcolor Info: Model `RGB' extended on input line 1365.
Package xcolor Info: Model `HTML' substituted by `rgb' on input line 1367.
Package xcolor Info: Model `Hsb' substituted by `hsb' on input line 1368.
Package xcolor Info: Model `tHsb' substituted by `hsb' on input line 1369.
Package xcolor Info: Model `HSB' substituted by `hsb' on input line 1370.
Package xcolor Info: Model `Gray' substituted by `gray' on input line 1371.
Package xcolor Info: Model `wave' substituted by `hsb' on input line 1372.
)
(/usr/local/texlive/2025/texmf-dist/tex/latex/wrapfig/wrapfig.sty
\wrapoverhang=\dimen144
\WF@size=\dimen145
\c@WF@wrappedlines=\count270
\WF@box=\box52
\WF@everypar=\toks19
Package: wrapfig 2003/01/31  v 3.6
)
(/usr/local/texlive/2025/texmf-dist/tex/latex/caption/caption.sty
Package: caption 2023/08/05 v3.6o Customizing captions (AR)

(/usr/local/texlive/2025/texmf-dist/tex/latex/caption/caption3.sty
Package: caption3 2023/07/31 v2.4d caption3 kernel (AR)
\caption@tempdima=\dimen146
\captionmargin=\dimen147
\caption@leftmargin=\dimen148
\caption@rightmargin=\dimen149
\caption@width=\dimen150
\caption@indent=\dimen151
\caption@parindent=\dimen152
\caption@hangindent=\dimen153
Package caption Info: Standard document class detected.
)
\c@caption@flags=\count271
\c@continuedfloat=\count272
Package caption Info: wrapfig package is loaded.
)
(/usr/local/texlive/2025/texmf-dist/tex/latex/hyperref/hyperref.sty
Package: hyperref 2024-11-05 v7.01l Hypertext links for LaTeX

(/usr/local/texlive/2025/texmf-dist/tex/generic/iftex/iftex.sty
Package: iftex 2024/12/12 v1.0g TeX engine tests
)
(/usr/local/texlive/2025/texmf-dist/tex/latex/kvsetkeys/kvsetkeys.sty
Package: kvsetkeys 2022-10-05 v1.19 Key value parser (HO)
)
(/usr/local/texlive/2025/texmf-dist/tex/generic/kvdefinekeys/kvdefinekeys.sty
Package: kvdefinekeys 2019-12-19 v1.6 Define keys (HO)
)
(/usr/local/texlive/2025/texmf-dist/tex/generic/pdfescape/pdfescape.sty
Package: pdfescape 2019/12/09 v1.15 Implements pdfTeX's escape features (HO)

(/usr/local/texlive/2025/texmf-dist/tex/generic/ltxcmds/ltxcmds.sty
Package: ltxcmds 2023-12-04 v1.26 LaTeX kernel commands for general use (HO)
)
(/usr/local/texlive/2025/texmf-dist/tex/generic/pdftexcmds/pdftexcmds.sty
Package: pdftexcmds 2020-06-27 v0.33 Utility functions of pdfTeX for LuaTeX (HO
)

(/usr/local/texlive/2025/texmf-dist/tex/generic/infwarerr/infwarerr.sty
Package: infwarerr 2019/12/03 v1.5 Providing info/warning/error messages (HO)
)
Package pdftexcmds Info: \pdf@primitive is available.
Package pdftexcmds Info: \pdf@ifprimitive is available.
Package pdftexcmds Info: \pdfdraftmode found.
))
(/usr/local/texlive/2025/texmf-dist/tex/latex/hycolor/hycolor.sty
Package: hycolor 2020-01-27 v1.10 Color options for hyperref/bookmark (HO)
)
(/usr/local/texlive/2025/texmf-dist/tex/latex/hyperref/nameref.sty
Package: nameref 2023-11-26 v2.56 Cross-referencing by name of section

(/usr/local/texlive/2025/texmf-dist/tex/latex/refcount/refcount.sty
Package: refcount 2019/12/15 v3.6 Data extraction from label references (HO)
)
(/usr/local/texlive/2025/texmf-dist/tex/generic/gettitlestring/gettitlestring.s
ty
Package: gettitlestring 2019/12/15 v1.6 Cleanup title references (HO)
 (/usr/local/texlive/2025/texmf-dist/tex/latex/kvoptions/kvoptions.sty
Package: kvoptions 2022-06-15 v3.15 Key value format for package options (HO)
))
\c@section@level=\count273
)
(/usr/local/texlive/2025/texmf-dist/tex/latex/etoolbox/etoolbox.sty
Package: etoolbox 2025/02/11 v2.5l e-TeX tools for LaTeX (JAW)
\etb@tempcnta=\count274
)
(/usr/local/texlive/2025/texmf-dist/tex/generic/stringenc/stringenc.sty
Package: stringenc 2019/11/29 v1.12 Convert strings between diff. encodings (HO
)
)
\@linkdim=\dimen154
\Hy@linkcounter=\count275
\Hy@pagecounter=\count276

(/usr/local/texlive/2025/texmf-dist/tex/latex/hyperref/pd1enc.def
File: pd1enc.def 2024-11-05 v7.01l Hyperref: PDFDocEncoding definition (HO)
Now handling font encoding PD1 ...
... no UTF-8 mapping file for font encoding PD1
)
(/usr/local/texlive/2025/texmf-dist/tex/generic/intcalc/intcalc.sty
Package: intcalc 2019/12/15 v1.3 Expandable calculations with integers (HO)
)
\Hy@SavedSpaceFactor=\count277

(/usr/local/texlive/2025/texmf-dist/tex/latex/hyperref/puenc.def
File: puenc.def 2024-11-05 v7.01l Hyperref: PDF Unicode definition (HO)
Now handling font encoding PU ...
... no UTF-8 mapping file for font encoding PU
)
Package hyperref Info: Hyper figures OFF on input line 4157.
Package hyperref Info: Link nesting OFF on input line 4162.
Package hyperref Info: Hyper index ON on input line 4165.
Package hyperref Info: Plain pages OFF on input line 4172.
Package hyperref Info: Backreferencing OFF on input line 4177.
Package hyperref Info: Implicit mode ON; LaTeX internals redefined.
Package hyperref Info: Bookmarks ON on input line 4424.
\c@Hy@tempcnt=\count278

(/usr/local/texlive/2025/texmf-dist/tex/latex/url/url.sty
\Urlmuskip=\muskip17
Package: url 2013/09/16  ver 3.4  Verb mode for urls, etc.
)
LaTeX Info: Redefining \url on input line 4763.
\XeTeXLinkMargin=\dimen155

(/usr/local/texlive/2025/texmf-dist/tex/generic/bitset/bitset.sty
Package: bitset 2019/12/09 v1.3 Handle bit-vector datatype (HO)

(/usr/local/texlive/2025/texmf-dist/tex/generic/bigintcalc/bigintcalc.sty
Package: bigintcalc 2019/12/15 v1.5 Expandable calculations on big integers (HO
)
))
\Fld@menulength=\count279
\Field@Width=\dimen156
\Fld@charsize=\dimen157
Package hyperref Info: Hyper figures OFF on input line 6042.
Package hyperref Info: Link nesting OFF on input line 6047.
Package hyperref Info: Hyper index ON on input line 6050.
Package hyperref Info: backreferencing OFF on input line 6057.
Package hyperref Info: Link coloring OFF on input line 6062.
Package hyperref Info: Link coloring with OCG OFF on input line 6067.
Package hyperref Info: PDF/A mode OFF on input line 6072.

(/usr/local/texlive/2025/texmf-dist/tex/latex/base/atbegshi-ltx.sty
Package: atbegshi-ltx 2021/01/10 v1.0c Emulation of the original atbegshi
package with kernel methods
)
\Hy@abspage=\count280
\c@Item=\count281
\c@Hfootnote=\count282
)
Package hyperref Info: Driver (autodetected): hpdftex.

(/usr/local/texlive/2025/texmf-dist/tex/latex/hyperref/hpdftex.def
File: hpdftex.def 2024-11-05 v7.01l Hyperref driver for pdfTeX

(/usr/local/texlive/2025/texmf-dist/tex/latex/base/atveryend-ltx.sty
Package: atveryend-ltx 2020/08/19 v1.0a Emulation of the original atveryend pac
kage
with kernel methods
)
\Fld@listcount=\count283
\c@bookmark@seq@number=\count284

(/usr/local/texlive/2025/texmf-dist/tex/latex/rerunfilecheck/rerunfilecheck.sty
Package: rerunfilecheck 2022-07-10 v1.10 Rerun checks for auxiliary files (HO)

(/usr/local/texlive/2025/texmf-dist/tex/generic/uniquecounter/uniquecounter.sty
Package: uniquecounter 2019/12/15 v1.4 Provide unlimited unique counter (HO)
)
Package uniquecounter Info: New unique counter `rerunfilecheck' on input line 2
85.
)
\Hy@SectionHShift=\skip65
) (/usr/local/texlive/2025/texmf-dist/tex/latex/float/float.sty
Package: float 2001/11/08 v1.3d Float enhancements (AL)
\c@float@type=\count285
\float@exts=\toks20
\float@box=\box53
\@float@everytoks=\toks21
\@floatcapt=\box54
)
(/usr/local/texlive/2025/texmf-dist/tex/latex/amsfonts/amssymb.sty
Package: amssymb 2013/01/14 v3.01 AMS font symbols

(/usr/local/texlive/2025/texmf-dist/tex/latex/amsfonts/amsfonts.sty
Package: amsfonts 2013/01/14 v3.01 Basic AMSFonts support
\@emptytoks=\toks22
\symAMSa=\mathgroup4
\symAMSb=\mathgroup5
LaTeX Font Info:    Redeclaring math symbol \hbar on input line 98.
LaTeX Font Info:    Overwriting math alphabet `\mathfrak' in version `bold'
(Font)                  U/euf/m/n --> U/euf/b/n on input line 106.
))
(/usr/local/texlive/2025/texmf-dist/tex/latex/listings/listings.sty
\lst@mode=\count286
\lst@gtempboxa=\box55
\lst@token=\toks23
\lst@length=\count287
\lst@currlwidth=\dimen158
\lst@column=\count288
\lst@pos=\count289
\lst@lostspace=\dimen159
\lst@width=\dimen160
\lst@newlines=\count290
\lst@lineno=\count291
\lst@maxwidth=\dimen161

(/usr/local/texlive/2025/texmf-dist/tex/latex/listings/lstpatch.sty
File: lstpatch.sty 2024/09/23 1.10c (Carsten Heinz)
)
(/usr/local/texlive/2025/texmf-dist/tex/latex/listings/lstmisc.sty
File: lstmisc.sty 2024/09/23 1.10c (Carsten Heinz)
\c@lstnumber=\count292
\lst@skipnumbers=\count293
\lst@framebox=\box56
)
(/usr/local/texlive/2025/texmf-dist/tex/latex/listings/listings.cfg
File: listings.cfg 2024/09/23 1.10c listings configuration
))
Package: listings 2024/09/23 1.10c (Carsten Heinz)

(/usr/local/texlive/2025/texmf-dist/tex/latex/amsmath/amsmath.sty
Package: amsmath 2024/11/05 v2.17t AMS math features
\@mathmargin=\skip66

For additional information on amsmath, use the `?' option.
(/usr/local/texlive/2025/texmf-dist/tex/latex/amsmath/amstext.sty
Package: amstext 2021/08/26 v2.01 AMS text

(/usr/local/texlive/2025/texmf-dist/tex/latex/amsmath/amsgen.sty
File: amsgen.sty 1999/11/30 v2.0 generic functions
\@emptytoks=\toks24
\ex@=\dimen162
))
(/usr/local/texlive/2025/texmf-dist/tex/latex/amsmath/amsbsy.sty
Package: amsbsy 1999/11/29 v1.2d Bold Symbols
\pmbraise@=\dimen163
)
(/usr/local/texlive/2025/texmf-dist/tex/latex/amsmath/amsopn.sty
Package: amsopn 2022/04/08 v2.04 operator names
)
\inf@bad=\count294
LaTeX Info: Redefining \frac on input line 233.
\uproot@=\count295
\leftroot@=\count296
LaTeX Info: Redefining \overline on input line 398.
LaTeX Info: Redefining \colon on input line 409.
\classnum@=\count297
\DOTSCASE@=\count298
LaTeX Info: Redefining \ldots on input line 495.
LaTeX Info: Redefining \dots on input line 498.
LaTeX Info: Redefining \cdots on input line 619.
\Mathstrutbox@=\box57
\strutbox@=\box58
LaTeX Info: Redefining \big on input line 721.
LaTeX Info: Redefining \Big on input line 722.
LaTeX Info: Redefining \bigg on input line 723.
LaTeX Info: Redefining \Bigg on input line 724.
\big@size=\dimen164
LaTeX Font Info:    Redeclaring font encoding OML on input line 742.
LaTeX Font Info:    Redeclaring font encoding OMS on input line 743.
\macc@depth=\count299
LaTeX Info: Redefining \bmod on input line 904.
LaTeX Info: Redefining \pmod on input line 909.
LaTeX Info: Redefining \smash on input line 939.
LaTeX Info: Redefining \relbar on input line 969.
LaTeX Info: Redefining \Relbar on input line 970.
\c@MaxMatrixCols=\count300
\dotsspace@=\muskip18
\c@parentequation=\count301
\dspbrk@lvl=\count302
\tag@help=\toks25
\row@=\count303
\column@=\count304
\maxfields@=\count305
\andhelp@=\toks26
\eqnshift@=\dimen165
\alignsep@=\dimen166
\tagshift@=\dimen167
\tagwidth@=\dimen168
\totwidth@=\dimen169
\lineht@=\dimen170
\@envbody=\toks27
\multlinegap=\skip67
\multlinetaggap=\skip68
\mathdisplay@stack=\toks28
LaTeX Info: Redefining \[ on input line 2953.
LaTeX Info: Redefining \] on input line 2954.
)
(/usr/local/texlive/2025/texmf-dist/tex/latex/base/inputenc.sty
Package: inputenc 2024/02/08 v1.3d Input encoding file
\inpenc@prehook=\toks29
\inpenc@posthook=\toks30
)
(/usr/local/texlive/2025/texmf-dist/tex/latex/enumitem/enumitem.sty
Package: enumitem 2025/02/06 v3.11 Customized lists
\labelindent=\skip69
\enit@outerparindent=\dimen171
\enit@toks=\toks31
\enit@inbox=\box59
\enit@count@id=\count306
\enitdp@description=\count307
)
(/usr/local/texlive/2025/texmf-dist/tex/latex/chngcntr/chngcntr.sty
Package: chngcntr 2018/04/09 v1.1a change counter resetting
Package chngcntr Info: \counterwithout already defined.
(chngcntr)             Quitting chngcntr on input line 21.
)
(/usr/local/texlive/2025/texmf-dist/tex/latex/l3backend/l3backend-pdftex.def
File: l3backend-pdftex.def 2024-05-08 L3 backend support: PDF output (pdfTeX)
\l__color_backend_stack_int=\count308
\l__pdf_internal_box=\box60
)
(./Zanusso_MSc.aux)
\openout1 = `Zanusso_MSc.aux'.

LaTeX Font Info:    Checking defaults for OML/cmm/m/it on input line 28.
LaTeX Font Info:    ... okay on input line 28.
LaTeX Font Info:    Checking defaults for OMS/cmsy/m/n on input line 28.
LaTeX Font Info:    ... okay on input line 28.
LaTeX Font Info:    Checking defaults for OT1/cmr/m/n on input line 28.
LaTeX Font Info:    ... okay on input line 28.
LaTeX Font Info:    Checking defaults for T1/cmr/m/n on input line 28.
LaTeX Font Info:    ... okay on input line 28.
LaTeX Font Info:    Checking defaults for TS1/cmr/m/n on input line 28.
LaTeX Font Info:    ... okay on input line 28.
LaTeX Font Info:    Checking defaults for OMX/cmex/m/n on input line 28.
LaTeX Font Info:    ... okay on input line 28.
LaTeX Font Info:    Checking defaults for U/cmr/m/n on input line 28.
LaTeX Font Info:    ... okay on input line 28.
LaTeX Font Info:    Checking defaults for PD1/pdf/m/n on input line 28.
LaTeX Font Info:    ... okay on input line 28.
LaTeX Font Info:    Checking defaults for PU/pdf/m/n on input line 28.
LaTeX Font Info:    ... okay on input line 28.

(/usr/local/texlive/2025/texmf-dist/tex/context/base/mkii/supp-pdf.mkii
[Loading MPS to PDF converter (version 2006.09.02).]
\scratchcounter=\count309
\scratchdimen=\dimen172
\scratchbox=\box61
\nofMPsegments=\count310
\nofMParguments=\count311
\everyMPshowfont=\toks32
\MPscratchCnt=\count312
\MPscratchDim=\dimen173
\MPnumerator=\count313
\makeMPintoPDFobject=\count314
\everyMPtoPDFconversion=\toks33
) (/usr/local/texlive/2025/texmf-dist/tex/latex/epstopdf-pkg/epstopdf-base.sty
Package: epstopdf-base 2020-01-24 v2.11 Base part for package epstopdf
Package epstopdf-base Info: Redefining graphics rule for `.eps' on input line 4
85.

(/usr/local/texlive/2025/texmf-dist/tex/latex/latexconfig/epstopdf-sys.cfg
File: epstopdf-sys.cfg 2010/07/13 v1.3 Configuration of (r)epstopdf for TeX Liv
e
))
Package caption Info: Begin \AtBeginDocument code.
Package caption Info: float package is loaded.
Package caption Info: hyperref package is loaded.
Package caption Info: listings package is loaded.
Package caption Info: End \AtBeginDocument code.
Package hyperref Info: Link coloring OFF on input line 28.

(./Zanusso_MSc.out) (./Zanusso_MSc.out)
\@outlinefile=\write3
\openout3 = `Zanusso_MSc.out'.

\c@lstlisting=\count315
LaTeX Font Info:    Trying to load font information for U+msa on input line 32.


(/usr/local/texlive/2025/texmf-dist/tex/latex/amsfonts/umsa.fd
File: umsa.fd 2013/01/14 v3.01 AMS symbols A
)
LaTeX Font Info:    Trying to load font information for U+msb on input line 32.


(/usr/local/texlive/2025/texmf-dist/tex/latex/amsfonts/umsb.fd
File: umsb.fd 2013/01/14 v3.01 AMS symbols B
)
<logos/unito_logo.png, id=196, 223.83624pt x 281.05pt>
File: logos/unito_logo.png Graphic file (type png)
<use logos/unito_logo.png>
Package pdftex.def Info: logos/unito_logo.png  used on input line 36.
(pdftex.def)             Requested size: 137.9979pt x 173.27571pt.


[1

{/usr/local/texlive/2025/texmf-var/fonts/map/pdftex/updmap/pdftex.map} <./logos
/unito_logo.png>]

[2

]

[3


]

[4

] (./Zanusso_MSc.toc


pdfTeX warning (ext4): destination with the same identifier (name{page.1}) has 
been already used, duplicate ignored
<to be read again> 
                   \relax 
l.56 ...d selections and cuts}{67}{subsection.4.2}
                                                  % [1

])
\tf@toc=\write4
\openout4 = `Zanusso_MSc.toc'.




pdfTeX warning (ext4): destination with the same identifier (name{page.2}) has 
been already used, duplicate ignored
<to be read again> 
                   \relax 
l.61 \clearpage
                [2] (./Zanusso_MSc.lof
Overfull \hbox (5.08406pt too wide) in paragraph at lines 23--23
 [][] [][]\OT1/cmr/m/n/10 Topology Anal-y-sis (TopoAna) out-put of the gen-er-a
ted 100k events. 
 []




pdfTeX warning (ext4): destination with the same identifier (name{page.3}) has 
been already used, duplicate ignored
<to be read again> 
                   \relax 
l.24 ...he rank selection}}{36}{figure.caption.38}
                                                  % [3

]


pdfTeX warning (ext4): destination with the same identifier (name{page.4}) has 
been already used, duplicate ignored
<to be read again> 
                   \relax 
l.43 ... a single crystal}}{51}{figure.caption.60}
                                                  % [4]

[5{/usr/local/texlive/2025/texmf-dist/fonts/enc/dvips/cm-super/cm-super-ts1.enc
}])
\tf@lof=\write5
\openout5 = `Zanusso_MSc.lof'.



[6] (./nbar_exp/nbar_eng.tex

[7

]

[8]
Overfull \hbox (2.66032pt too wide) in paragraph at lines 39--46
\OT1/cmr/m/n/10 (and be-yond). Some pos-si-ble de-cay chan-nels where $[]$ is t
he only un-reconstructed
 []



[9]
<nbar_exp/images/DoverRichard.png, id=597, 418.56375pt x 416.05438pt>
File: nbar_exp/images/DoverRichard.png Graphic file (type png)
<use nbar_exp/images/DoverRichard.png>
Package pdftex.def Info: nbar_exp/images/DoverRichard.png  used on input line 6
9.
(pdftex.def)             Requested size: 241.49895pt x 240.04836pt.


[10]
<nbar_exp/images/cross_section.png, id=613, 747.79375pt x 627.34375pt>
File: nbar_exp/images/cross_section.png Graphic file (type png)
<use nbar_exp/images/cross_section.png>
Package pdftex.def Info: nbar_exp/images/cross_section.png  used on input line 
109.
(pdftex.def)             Requested size: 189.75105pt x 159.1808pt.


LaTeX Warning: `h' float specifier changed to `ht'.


LaTeX Warning: `h' float specifier changed to `ht'.



[11 <./nbar_exp/images/DoverRichard.png>]

[12 <./nbar_exp/images/cross_section.png>]

[13]
<nbar_exp/images/gamma_vs_hadronic.png, id=643, 454.69875pt x 257.96375pt>
File: nbar_exp/images/gamma_vs_hadronic.png Graphic file (type png)
<use nbar_exp/images/gamma_vs_hadronic.png>
Package pdftex.def Info: nbar_exp/images/gamma_vs_hadronic.png  used on input l
ine 156.
(pdftex.def)             Requested size: 207.0021pt x 117.4406pt.


[14 <./nbar_exp/images/gamma_vs_hadronic.png>]
Overfull \hbox (2.92963pt too wide) in paragraph at lines 171--186
\OT1/cmr/m/n/10 This the-sis fits in the larger con-text of the \OT1/cmr/bx/n/1
0 MANTRA \OT1/cmr/m/n/10 (Mea-sur-ing Anti-Neutron:
 []



[15])

[16] (./belleII_det/belleII_det_eng.tex
<belleII_det/images/superkekb.png, id=663, 853.1875pt x 614.295pt>
File: belleII_det/images/superkekb.png Graphic file (type png)
<use belleII_det/images/superkekb.png>
Package pdftex.def Info: belleII_det/images/superkekb.png  used on input line 9
.
(pdftex.def)             Requested size: 345.0pt x 248.4038pt.


[17

 <./belleII_det/images/superkekb.png>]
<belleII_det/images/SuperKEKB_operation.png, id=673, 867.24pt x 867.24pt>
File: belleII_det/images/SuperKEKB_operation.png Graphic file (type png)
<use belleII_det/images/SuperKEKB_operation.png>
Package pdftex.def Info: belleII_det/images/SuperKEKB_operation.png  used on in
put line 21.
(pdftex.def)             Requested size: 276.00105pt x 276.00067pt.


[18 <./belleII_det/images/SuperKEKB_operation.png>]
<belleII_det/images/belleii_dets.png, id=681, 284.39583pt x 132.495pt>
File: belleII_det/images/belleii_dets.png Graphic file (type png)
<use belleII_det/images/belleii_dets.png>
Package pdftex.def Info: belleII_det/images/belleii_dets.png  used on input lin
e 51.
(pdftex.def)             Requested size: 345.0pt x 160.73993pt.


[19]
<belleII_det/images/VXD.png, id=696, 975.645pt x 359.3425pt>
File: belleII_det/images/VXD.png Graphic file (type png)
<use belleII_det/images/VXD.png>
Package pdftex.def Info: belleII_det/images/VXD.png  used on input line 65.
(pdftex.def)             Requested size: 327.74895pt x 120.71083pt.
<belleII_det/images/CDC.jpeg, id=698, 217.24362pt x 175.03793pt>
File: belleII_det/images/CDC.jpeg Graphic file (type jpg)
<use belleII_det/images/CDC.jpeg>
Package pdftex.def Info: belleII_det/images/CDC.jpeg  used on input line 77.
(pdftex.def)             Requested size: 345.0pt x 278.00449pt.


[20 <./belleII_det/images/belleii_dets.png> <./belleII_det/images/VXD.png>]

[21 <./belleII_det/images/CDC.jpeg>]
<belleII_det/images/top.png, id=714, 853.1875pt x 368.37625pt>
File: belleII_det/images/top.png Graphic file (type png)
<use belleII_det/images/top.png>
Package pdftex.def Info: belleII_det/images/top.png  used on input line 93.
(pdftex.def)             Requested size: 276.00105pt x 119.17pt.
<belleII_det/images/top2.jpeg, id=715, 378.41376pt x 138.5175pt>
File: belleII_det/images/top2.jpeg Graphic file (type jpg)
<use belleII_det/images/top2.jpeg>
Package pdftex.def Info: belleII_det/images/top2.jpeg  used on input line 99.
(pdftex.def)             Requested size: 276.00105pt x 101.03026pt.


LaTeX Warning: `h' float specifier changed to `ht'.



[22 <./belleII_det/images/top.png>]
<belleII_det/images/ARICH.png, id=724, 725.71124pt x 553.06625pt>
File: belleII_det/images/ARICH.png Graphic file (type png)
<use belleII_det/images/ARICH.png>
Package pdftex.def Info: belleII_det/images/ARICH.png  used on input line 111.
(pdftex.def)             Requested size: 169.0519pt x 128.8313pt.
<belleII_det/images/mu_ring.png, id=725, 808.01875pt x 609.27625pt>
File: belleII_det/images/mu_ring.png Graphic file (type png)
<use belleII_det/images/mu_ring.png>
Package pdftex.def Info: belleII_det/images/mu_ring.png  used on input line 112
.
(pdftex.def)             Requested size: 169.0519pt x 127.46835pt.
<belleII_det/images/shower_ECL.png, id=726, 967.615pt x 336.25626pt>
File: belleII_det/images/shower_ECL.png Graphic file (type png)
<use belleII_det/images/shower_ECL.png>
Package pdftex.def Info: belleII_det/images/shower_ECL.png  used on input line 
124.
(pdftex.def)             Requested size: 327.74895pt x 113.89462pt.


LaTeX Warning: `h' float specifier changed to `ht'.



[23 <./belleII_det/images/top2.jpeg> <./belleII_det/images/ARICH.png> <./belleI
I_det/images/mu_ring.png>]
<belleII_det/images/Properties-of-scintillators.png, id=735, 853.1875pt x 314.1
7375pt>
File: belleII_det/images/Properties-of-scintillators.png Graphic file (type png
)
<use belleII_det/images/Properties-of-scintillators.png>
Package pdftex.def Info: belleII_det/images/Properties-of-scintillators.png  us
ed on input line 142.
(pdftex.def)             Requested size: 345.0pt x 127.0431pt.
<belleII_det/images/ECL.png, id=738, 1095.09125pt x 702.625pt>
File: belleII_det/images/ECL.png Graphic file (type png)
<use belleII_det/images/ECL.png>
Package pdftex.def Info: belleII_det/images/ECL.png  used on input line 152.
(pdftex.def)             Requested size: 345.0pt x 221.3602pt.


[24 <./belleII_det/images/shower_ECL.png> <./belleII_det/images/Properties-of-s
cintillators.png>]
<belleII_det/images/ECL_division.png, id=746, 887.81688pt x 489.83pt>
File: belleII_det/images/ECL_division.png Graphic file (type png)
<use belleII_det/images/ECL_division.png>
Package pdftex.def Info: belleII_det/images/ECL_division.png  used on input lin
e 162.
(pdftex.def)             Requested size: 293.2521pt x 161.79387pt.


[25 <./belleII_det/images/ECL.png> <./belleII_det/images/ECL_division.png>]
<belleII_det/images/ECL_algo.png, id=753, 1172.38pt x 310.66063pt>
File: belleII_det/images/ECL_algo.png Graphic file (type png)
<use belleII_det/images/ECL_algo.png>
Package pdftex.def Info: belleII_det/images/ECL_algo.png  used on input line 17
4.
(pdftex.def)             Requested size: 345.0pt x 91.41655pt.
<belleII_det/images/ConnectedRegions.png, id=754, 716.17563pt x 562.60187pt>
File: belleII_det/images/ConnectedRegions.png Graphic file (type png)
<use belleII_det/images/ConnectedRegions.png>
Package pdftex.def Info: belleII_det/images/ConnectedRegions.png  used on input
 line 184.
(pdftex.def)             Requested size: 172.5pt x 135.50793pt.


[26 <./belleII_det/images/ECL_algo.png> <./belleII_det/images/ConnectedRegions.
png>]
<belleII_det/images/energy-res.png, id=765, 556.0775pt x 312.66812pt>
File: belleII_det/images/energy-res.png Graphic file (type png)
<use belleII_det/images/energy-res.png>
Package pdftex.def Info: belleII_det/images/energy-res.png  used on input line 
204.
(pdftex.def)             Requested size: 345.0pt x 193.98581pt.
<belleII_det/images/energy-res2.png, id=766, 556.0775pt x 305.64188pt>
File: belleII_det/images/energy-res2.png Graphic file (type png)
<use belleII_det/images/energy-res2.png>
Package pdftex.def Info: belleII_det/images/energy-res2.png  used on input line
 208.
(pdftex.def)             Requested size: 345.0pt x 189.62657pt.


[27 <./belleII_det/images/energy-res.png>]

Package hyperref Warning: Token not allowed in a PDF string (Unicode):
(hyperref)                removing `math shift' on input line 217.


Package hyperref Warning: Token not allowed in a PDF string (Unicode):
(hyperref)                removing `subscript' on input line 217.


Package hyperref Warning: Token not allowed in a PDF string (Unicode):
(hyperref)                removing `math shift' on input line 217.



[28 <./belleII_det/images/energy-res2.png>]
<belleII_det/images/b2logo.pdf, id=785, 391.90964pt x 257.91437pt>
File: belleII_det/images/b2logo.pdf Graphic file (type pdf)
<use belleII_det/images/b2logo.pdf>
Package pdftex.def Info: belleII_det/images/b2logo.pdf  used on input line 227.

(pdftex.def)             Requested size: 137.9979pt x 90.81447pt.


[29 <./belleII_det/images/b2logo.pdf>]
<belleII_det/images/TGeoManager.jpg, id=794, 613.54219pt x 613.54219pt>
File: belleII_det/images/TGeoManager.jpg Graphic file (type jpg)
<use belleII_det/images/TGeoManager.jpg>
Package pdftex.def Info: belleII_det/images/TGeoManager.jpg  used on input line
 243.
(pdftex.def)             Requested size: 137.9979pt x 137.99422pt.


[30 <./belleII_det/images/TGeoManager.jpg>]
<belleII_det/images/basf2_1.png, id=800, 1279.78125pt x 498.86375pt>
File: belleII_det/images/basf2_1.png Graphic file (type png)
<use belleII_det/images/basf2_1.png>
Package pdftex.def Info: belleII_det/images/basf2_1.png  used on input line 260
.
(pdftex.def)             Requested size: 241.49895pt x 94.13806pt.
<belleII_det/images/basf2_2.png, id=801, 1425.325pt x 606.265pt>
File: belleII_det/images/basf2_2.png Graphic file (type png)
<use belleII_det/images/basf2_2.png>
Package pdftex.def Info: belleII_det/images/basf2_2.png  used on input line 261
.
(pdftex.def)             Requested size: 241.49895pt x 102.7214pt.


[31 <./belleII_det/images/basf2_1.png> <./belleII_det/images/basf2_2.png>]
<belleII_det/images/topology_diagrams.png, id=808, 722.7pt x 333.245pt>
File: belleII_det/images/topology_diagrams.png Graphic file (type png)
<use belleII_det/images/topology_diagrams.png>
Package pdftex.def Info: belleII_det/images/topology_diagrams.png  used on inpu
t line 278.
(pdftex.def)             Requested size: 327.74895pt x 151.12839pt.
<belleII_det/images/topology_diagrams_2.png, id=810, 746.79pt x 466.74374pt>
File: belleII_det/images/topology_diagrams_2.png Graphic file (type png)
<use belleII_det/images/topology_diagrams_2.png>
Package pdftex.def Info: belleII_det/images/topology_diagrams_2.png  used on in
put line 290.
(pdftex.def)             Requested size: 169.0519pt x 105.65378pt.
<belleII_det/images/topology_diagrams_3.png, id=811, 625.33624pt x 279.0425pt>
File: belleII_det/images/topology_diagrams_3.png Graphic file (type png)
<use belleII_det/images/topology_diagrams_3.png>
Package pdftex.def Info: belleII_det/images/topology_diagrams_3.png  used on in
put line 291.
(pdftex.def)             Requested size: 169.0519pt x 75.43614pt.
)

[32 <./belleII_det/images/topology_diagrams.png> <./belleII_det/images/topology
_diagrams_2.png> <./belleII_det/images/topology_diagrams_3.png>]
(./nbar_MC/nbar_MC_eng.tex
<nbar_MC/images/channel_art.png, id=821, 503.8825pt x 400.49625pt>
File: nbar_MC/images/channel_art.png Graphic file (type png)
<use nbar_MC/images/channel_art.png>
Package pdftex.def Info: nbar_MC/images/channel_art.png  used on input line 13.

(pdftex.def)             Requested size: 137.9979pt x 109.68153pt.


[33

 <./nbar_MC/images/channel_art.png>]
<nbar_MC/images/topoana_100k.png, id=829, 824.07875pt x 443.6575pt>
File: nbar_MC/images/topoana_100k.png Graphic file (type png)
<use nbar_MC/images/topoana_100k.png>
Package pdftex.def Info: nbar_MC/images/topoana_100k.png  used on input line 30
.
(pdftex.def)             Requested size: 310.4979pt x 167.1632pt.


[34 <./nbar_MC/images/topoana_100k.png>]
<nbar_MC/images/alpha_uncorr.pdf, id=836, 569.12625pt x 387.4475pt>
File: nbar_MC/images/alpha_uncorr.pdf Graphic file (type pdf)
<use nbar_MC/images/alpha_uncorr.pdf>
Package pdftex.def Info: nbar_MC/images/alpha_uncorr.pdf  used on input line 79
.
(pdftex.def)             Requested size: 169.0519pt x 115.08821pt.
<nbar_MC/images/alpha.pdf, id=837, 569.12625pt x 387.4475pt>
File: nbar_MC/images/alpha.pdf Graphic file (type pdf)
<use nbar_MC/images/alpha.pdf>
Package pdftex.def Info: nbar_MC/images/alpha.pdf  used on input line 80.
(pdftex.def)             Requested size: 169.0519pt x 115.08821pt.


[35]
<nbar_MC/images/ISR_energy.pdf, id=846, 569.12625pt x 399.4925pt>
File: nbar_MC/images/ISR_energy.pdf Graphic file (type pdf)
<use nbar_MC/images/ISR_energy.pdf>
Package pdftex.def Info: nbar_MC/images/ISR_energy.pdf  used on input line 98.
(pdftex.def)             Requested size: 169.0519pt x 118.66609pt.
<nbar_MC/images/ISR_theta.pdf, id=847, 569.12625pt x 399.4925pt>
File: nbar_MC/images/ISR_theta.pdf Graphic file (type pdf)
<use nbar_MC/images/ISR_theta.pdf>
Package pdftex.def Info: nbar_MC/images/ISR_theta.pdf  used on input line 99.
(pdftex.def)             Requested size: 169.0519pt x 118.66609pt.


[36 <./nbar_MC/images/alpha_uncorr.pdf, page is rotated 90 degrees> <./nbar_MC/
images/alpha.pdf, page is rotated 90 degrees> <./nbar_MC/images/ISR_energy.pdf,
 page is rotated 90 degrees> <./nbar_MC/images/ISR_theta.pdf, page is rotated 9
0 degrees>]
<nbar_MC/images/vpho_mRecoil.pdf, id=1026, 569.12625pt x 387.4475pt>
File: nbar_MC/images/vpho_mRecoil.pdf Graphic file (type pdf)
<use nbar_MC/images/vpho_mRecoil.pdf>
Package pdftex.def Info: nbar_MC/images/vpho_mRecoil.pdf  used on input line 11
3.
(pdftex.def)             Requested size: 241.49895pt x 164.40584pt.


[37 <./nbar_MC/images/vpho_mRecoil.pdf, page is rotated 90 degrees>]
<nbar_MC/images/p_p.pdf, id=1074, 569.12625pt x 387.4475pt>
File: nbar_MC/images/p_p.pdf Graphic file (type pdf)
<use nbar_MC/images/p_p.pdf>
Package pdftex.def Info: nbar_MC/images/p_p.pdf  used on input line 129.
(pdftex.def)             Requested size: 169.0519pt x 115.08821pt.
<nbar_MC/images/pi_p.pdf, id=1075, 569.12625pt x 387.4475pt>
File: nbar_MC/images/pi_p.pdf Graphic file (type pdf)
<use nbar_MC/images/pi_p.pdf>
Package pdftex.def Info: nbar_MC/images/pi_p.pdf  used on input line 130.
(pdftex.def)             Requested size: 169.0519pt x 115.08821pt.
<nbar_MC/images/p_mcP.pdf, id=1077, 569.12625pt x 387.4475pt>
File: nbar_MC/images/p_mcP.pdf Graphic file (type pdf)
<use nbar_MC/images/p_mcP.pdf>
Package pdftex.def Info: nbar_MC/images/p_mcP.pdf  used on input line 138.
(pdftex.def)             Requested size: 169.0519pt x 115.08821pt.
<nbar_MC/images/pi_mcP.pdf, id=1078, 569.12625pt x 387.4475pt>
File: nbar_MC/images/pi_mcP.pdf Graphic file (type pdf)
<use nbar_MC/images/pi_mcP.pdf>
Package pdftex.def Info: nbar_MC/images/pi_mcP.pdf  used on input line 139.
(pdftex.def)             Requested size: 169.0519pt x 115.08821pt.
<nbar_MC/images/pRecoil.pdf, id=1079, 569.12625pt x 387.4475pt>
File: nbar_MC/images/pRecoil.pdf Graphic file (type pdf)
<use nbar_MC/images/pRecoil.pdf>
Package pdftex.def Info: nbar_MC/images/pRecoil.pdf  used on input line 149.
(pdftex.def)             Requested size: 241.49895pt x 164.40584pt.


[38 <./nbar_MC/images/p_p.pdf, page is rotated 90 degrees> <./nbar_MC/images/pi
_p.pdf, page is rotated 90 degrees> <./nbar_MC/images/p_mcP.pdf, page is rotate
d 90 degrees> <./nbar_MC/images/pi_mcP.pdf, page is rotated 90 degrees>]
<nbar_MC/images/nbar_p.pdf, id=1257, 569.12625pt x 387.4475pt>
File: nbar_MC/images/nbar_p.pdf Graphic file (type pdf)
<use nbar_MC/images/nbar_p.pdf>
Package pdftex.def Info: nbar_MC/images/nbar_p.pdf  used on input line 157.
(pdftex.def)             Requested size: 169.0519pt x 115.08821pt.
<nbar_MC/images/nbar_mcP.pdf, id=1258, 569.12625pt x 387.4475pt>
File: nbar_MC/images/nbar_mcP.pdf Graphic file (type pdf)
<use nbar_MC/images/nbar_mcP.pdf>
Package pdftex.def Info: nbar_MC/images/nbar_mcP.pdf  used on input line 158.
(pdftex.def)             Requested size: 169.0519pt x 115.08821pt.


[39 <./nbar_MC/images/pRecoil.pdf, page is rotated 90 degrees> <./nbar_MC/image
s/nbar_p.pdf, page is rotated 90 degrees> <./nbar_MC/images/nbar_mcP.pdf, page 
is rotated 90 degrees>]
<nbar_MC/images/pRecoil_nmcP_isr.pdf, id=1393, 569.12625pt x 387.4475pt>
File: nbar_MC/images/pRecoil_nmcP_isr.pdf Graphic file (type pdf)
<use nbar_MC/images/pRecoil_nmcP_isr.pdf>
Package pdftex.def Info: nbar_MC/images/pRecoil_nmcP_isr.pdf  used on input lin
e 168.
(pdftex.def)             Requested size: 169.0519pt x 115.08821pt.
<nbar_MC/images/pRecoil_nmcP_nog.pdf, id=1394, 569.12625pt x 387.4475pt>
File: nbar_MC/images/pRecoil_nmcP_nog.pdf Graphic file (type pdf)
<use nbar_MC/images/pRecoil_nmcP_nog.pdf>
Package pdftex.def Info: nbar_MC/images/pRecoil_nmcP_nog.pdf  used on input lin
e 169.
(pdftex.def)             Requested size: 169.0519pt x 115.08821pt.
<nbar_MC/images/gen_mc_theta_corr_isr.pdf, id=1395, 569.12625pt x 387.4475pt>
File: nbar_MC/images/gen_mc_theta_corr_isr.pdf Graphic file (type pdf)
<use nbar_MC/images/gen_mc_theta_corr_isr.pdf>
Package pdftex.def Info: nbar_MC/images/gen_mc_theta_corr_isr.pdf  used on inpu
t line 185.
(pdftex.def)             Requested size: 169.0519pt x 115.08821pt.
<nbar_MC/images/gen_mc_theta_corr_nog.pdf, id=1396, 569.12625pt x 387.4475pt>
File: nbar_MC/images/gen_mc_theta_corr_nog.pdf Graphic file (type pdf)
<use nbar_MC/images/gen_mc_theta_corr_nog.pdf>
Package pdftex.def Info: nbar_MC/images/gen_mc_theta_corr_nog.pdf  used on inpu
t line 186.
(pdftex.def)             Requested size: 169.0519pt x 115.08821pt.
<nbar_MC/images/gen_rec_theta_corr_isr.pdf, id=1397, 569.12625pt x 387.4475pt>
File: nbar_MC/images/gen_rec_theta_corr_isr.pdf Graphic file (type pdf)
<use nbar_MC/images/gen_rec_theta_corr_isr.pdf>
Package pdftex.def Info: nbar_MC/images/gen_rec_theta_corr_isr.pdf  used on inp
ut line 187.
(pdftex.def)             Requested size: 169.0519pt x 115.08821pt.
<nbar_MC/images/gen_rec_theta_corr_nog.pdf, id=1398, 569.12625pt x 387.4475pt>
File: nbar_MC/images/gen_rec_theta_corr_nog.pdf Graphic file (type pdf)
<use nbar_MC/images/gen_rec_theta_corr_nog.pdf>
Package pdftex.def Info: nbar_MC/images/gen_rec_theta_corr_nog.pdf  used on inp
ut line 188.
(pdftex.def)             Requested size: 169.0519pt x 115.08821pt.


[40 <./nbar_MC/images/pRecoil_nmcP_isr.pdf, page is rotated 90 degrees> <./nbar
_MC/images/pRecoil_nmcP_nog.pdf, page is rotated 90 degrees>]
<nbar_MC/images/gen_mc_p_corr_isr.pdf, id=1490, 569.12625pt x 387.4475pt>
File: nbar_MC/images/gen_mc_p_corr_isr.pdf Graphic file (type pdf)
<use nbar_MC/images/gen_mc_p_corr_isr.pdf>
Package pdftex.def Info: nbar_MC/images/gen_mc_p_corr_isr.pdf  used on input li
ne 202.
(pdftex.def)             Requested size: 169.0519pt x 115.08821pt.
<nbar_MC/images/gen_mc_p_corr_nog.pdf, id=1491, 569.12625pt x 387.4475pt>
File: nbar_MC/images/gen_mc_p_corr_nog.pdf Graphic file (type pdf)
<use nbar_MC/images/gen_mc_p_corr_nog.pdf>
Package pdftex.def Info: nbar_MC/images/gen_mc_p_corr_nog.pdf  used on input li
ne 203.
(pdftex.def)             Requested size: 169.0519pt x 115.08821pt.
<nbar_MC/images/gen_rec_p_corr_isr.pdf, id=1492, 569.12625pt x 387.4475pt>
File: nbar_MC/images/gen_rec_p_corr_isr.pdf Graphic file (type pdf)
<use nbar_MC/images/gen_rec_p_corr_isr.pdf>
Package pdftex.def Info: nbar_MC/images/gen_rec_p_corr_isr.pdf  used on input l
ine 204.
(pdftex.def)             Requested size: 169.0519pt x 115.08821pt.
<nbar_MC/images/gen_rec_p_corr_nog.pdf, id=1493, 569.12625pt x 387.4475pt>
File: nbar_MC/images/gen_rec_p_corr_nog.pdf Graphic file (type pdf)
<use nbar_MC/images/gen_rec_p_corr_nog.pdf>
Package pdftex.def Info: nbar_MC/images/gen_rec_p_corr_nog.pdf  used on input l
ine 205.
(pdftex.def)             Requested size: 169.0519pt x 115.08821pt.


[41 <./nbar_MC/images/gen_mc_theta_corr_isr.pdf, page is rotated 90 degrees> <.
/nbar_MC/images/gen_mc_theta_corr_nog.pdf, page is rotated 90 degrees> <./nbar_
MC/images/gen_rec_theta_corr_isr.pdf, page is rotated 90 degrees> <./nbar_MC/im
ages/gen_rec_theta_corr_nog.pdf, page is rotated 90 degrees>]
<nbar_MC/images/diff_thetaREC_ntheta_mc.pdf, id=1671, 569.12625pt x 387.4475pt>

File: nbar_MC/images/diff_thetaREC_ntheta_mc.pdf Graphic file (type pdf)
<use nbar_MC/images/diff_thetaREC_ntheta_mc.pdf>
Package pdftex.def Info: nbar_MC/images/diff_thetaREC_ntheta_mc.pdf  used on in
put line 215.
(pdftex.def)             Requested size: 169.0519pt x 115.08821pt.
<nbar_MC/images/diff_thetaREC_ntheta_rec.pdf, id=1672, 569.12625pt x 387.4475pt
>
File: nbar_MC/images/diff_thetaREC_ntheta_rec.pdf Graphic file (type pdf)
<use nbar_MC/images/diff_thetaREC_ntheta_rec.pdf>
Package pdftex.def Info: nbar_MC/images/diff_thetaREC_ntheta_rec.pdf  used on i
nput line 216.
(pdftex.def)             Requested size: 169.0519pt x 115.08821pt.
<nbar_MC/images/diff_pREC_np_mc.pdf, id=1673, 569.12625pt x 387.4475pt>
File: nbar_MC/images/diff_pREC_np_mc.pdf Graphic file (type pdf)
<use nbar_MC/images/diff_pREC_np_mc.pdf>
Package pdftex.def Info: nbar_MC/images/diff_pREC_np_mc.pdf  used on input line
 217.
(pdftex.def)             Requested size: 169.0519pt x 115.08821pt.
<nbar_MC/images/diff_pREC_np_rec.pdf, id=1674, 569.12625pt x 387.4475pt>
File: nbar_MC/images/diff_pREC_np_rec.pdf Graphic file (type pdf)
<use nbar_MC/images/diff_pREC_np_rec.pdf>
Package pdftex.def Info: nbar_MC/images/diff_pREC_np_rec.pdf  used on input lin
e 218.
(pdftex.def)             Requested size: 169.0519pt x 115.08821pt.


[42 <./nbar_MC/images/gen_mc_p_corr_isr.pdf, page is rotated 90 degrees> <./nba
r_MC/images/gen_mc_p_corr_nog.pdf, page is rotated 90 degrees> <./nbar_MC/image
s/gen_rec_p_corr_isr.pdf, page is rotated 90 degrees> <./nbar_MC/images/gen_rec
_p_corr_nog.pdf, page is rotated 90 degrees>]
Underfull \hbox (badness 10000) in paragraph at lines 222--224

 []


Package hyperref Warning: Token not allowed in a PDF string (Unicode):
(hyperref)                removing `math shift' on input line 224.


Package hyperref Warning: Token not allowed in a PDF string (Unicode):
(hyperref)                removing `math shift' on input line 224.

<nbar_MC/images/spoff_pshow.jpg, id=1851, 801.99625pt x 615.29875pt>
File: nbar_MC/images/spoff_pshow.jpg Graphic file (type jpg)
<use nbar_MC/images/spoff_pshow.jpg>
Package pdftex.def Info: nbar_MC/images/spoff_pshow.jpg  used on input line 231
.
(pdftex.def)             Requested size: 189.75105pt x 145.57164pt.


[43 <./nbar_MC/images/diff_thetaREC_ntheta_mc.pdf, page is rotated 90 degrees> 
<./nbar_MC/images/diff_thetaREC_ntheta_rec.pdf, page is rotated 90 degrees> <./
nbar_MC/images/diff_pREC_np_mc.pdf, page is rotated 90 degrees> <./nbar_MC/imag
es/diff_pREC_np_rec.pdf, page is rotated 90 degrees>]
<nbar_MC/images/hasAncestor.pdf, id=2030, 569.12625pt x 387.4475pt>
File: nbar_MC/images/hasAncestor.pdf Graphic file (type pdf)
<use nbar_MC/images/hasAncestor.pdf>
Package pdftex.def Info: nbar_MC/images/hasAncestor.pdf  used on input line 254
.
(pdftex.def)             Requested size: 241.49895pt x 164.40584pt.

Overfull \hbox (4.42403pt too wide) in paragraph at lines 251--256
[]\OT1/cmr/m/n/10 Therefore the vari-ables \OT1/cmr/bx/n/10 varForFirstMCAncest
orOfType(anti-n0, p) \OT1/cmr/m/n/10 and
 []



[44 <./nbar_MC/images/spoff_pshow.jpg>]
Overfull \hbox (26.74417pt too wide) in paragraph at lines 258--261
[]\OT1/cmr/m/n/10 Consequently, most $[]$ can-di-dates lack an $[]$ in their re
l-a-tive chain (has[]Ancestor=0),
 []

<nbar_MC/images/mc_pdg_hasAncestor=0.pdf, id=2035, 569.12625pt x 387.4475pt>
File: nbar_MC/images/mc_pdg_hasAncestor=0.pdf Graphic file (type pdf)
<use nbar_MC/images/mc_pdg_hasAncestor=0.pdf>
Package pdftex.def Info: nbar_MC/images/mc_pdg_hasAncestor=0.pdf  used on input
 line 264.
(pdftex.def)             Requested size: 169.0519pt x 115.08821pt.
<nbar_MC/images/mc_pdg_hasAncestor=1.pdf, id=2036, 569.12625pt x 387.4475pt>
File: nbar_MC/images/mc_pdg_hasAncestor=1.pdf Graphic file (type pdf)
<use nbar_MC/images/mc_pdg_hasAncestor=1.pdf>
Package pdftex.def Info: nbar_MC/images/mc_pdg_hasAncestor=1.pdf  used on input
 line 265.
(pdftex.def)             Requested size: 169.0519pt x 115.08821pt.
<nbar_MC/images/mc_pdg_hasAncestor=2.pdf, id=2037, 569.12625pt x 387.4475pt>
File: nbar_MC/images/mc_pdg_hasAncestor=2.pdf Graphic file (type pdf)
<use nbar_MC/images/mc_pdg_hasAncestor=2.pdf>
Package pdftex.def Info: nbar_MC/images/mc_pdg_hasAncestor=2.pdf  used on input
 line 266.
(pdftex.def)             Requested size: 169.0519pt x 115.08821pt.
<nbar_MC/images/mc_pdg_hasAncestor=3.pdf, id=2038, 569.12625pt x 387.4475pt>
File: nbar_MC/images/mc_pdg_hasAncestor=3.pdf Graphic file (type pdf)
<use nbar_MC/images/mc_pdg_hasAncestor=3.pdf>
Package pdftex.def Info: nbar_MC/images/mc_pdg_hasAncestor=3.pdf  used on input
 line 267.
(pdftex.def)             Requested size: 169.0519pt x 115.08821pt.


[45 <./nbar_MC/images/hasAncestor.pdf, page is rotated 90 degrees>]
<nbar_MC/images/momentum_ancestors.pdf, id=2088, 569.12625pt x 387.4475pt>
File: nbar_MC/images/momentum_ancestors.pdf Graphic file (type pdf)
<use nbar_MC/images/momentum_ancestors.pdf>
Package pdftex.def Info: nbar_MC/images/momentum_ancestors.pdf  used on input l
ine 282.
(pdftex.def)             Requested size: 241.49895pt x 164.40584pt.


[46 <./nbar_MC/images/mc_pdg_hasAncestor=0.pdf, page is rotated 90 degrees> <./
nbar_MC/images/mc_pdg_hasAncestor=1.pdf, page is rotated 90 degrees> <./nbar_MC
/images/mc_pdg_hasAncestor=2.pdf, page is rotated 90 degrees> <./nbar_MC/images
/mc_pdg_hasAncestor=3.pdf, page is rotated 90 degrees>]
<nbar_MC/images/deltaP_ancestors.pdf, id=2266, 569.12625pt x 387.4475pt>
File: nbar_MC/images/deltaP_ancestors.pdf Graphic file (type pdf)
<use nbar_MC/images/deltaP_ancestors.pdf>
Package pdftex.def Info: nbar_MC/images/deltaP_ancestors.pdf  used on input lin
e 291.
(pdftex.def)             Requested size: 241.49895pt x 164.40584pt.


[47 <./nbar_MC/images/momentum_ancestors.pdf, page is rotated 90 degrees> <./nb
ar_MC/images/deltaP_ancestors.pdf, page is rotated 90 degrees>]
<nbar_MC/images/mcErrors.pdf, id=2358, 569.12625pt x 398.48875pt>
File: nbar_MC/images/mcErrors.pdf Graphic file (type pdf)
<use nbar_MC/images/mcErrors.pdf>
Package pdftex.def Info: nbar_MC/images/mcErrors.pdf  used on input line 301.
(pdftex.def)             Requested size: 241.49895pt x 169.09097pt.


Package hyperref Warning: Token not allowed in a PDF string (Unicode):
(hyperref)                removing `math shift' on input line 306.


Package hyperref Warning: Token not allowed in a PDF string (Unicode):
(hyperref)                removing `math shift' on input line 306.

<nbar_MC/images/mcDistance_sx.pdf, id=2359, 569.12625pt x 387.4475pt>
File: nbar_MC/images/mcDistance_sx.pdf Graphic file (type pdf)
<use nbar_MC/images/mcDistance_sx.pdf>
Package pdftex.def Info: nbar_MC/images/mcDistance_sx.pdf  used on input line 3
12.
(pdftex.def)             Requested size: 169.0519pt x 115.08821pt.
<nbar_MC/images/mcDistance_dx.pdf, id=2360, 569.12625pt x 387.4475pt>
File: nbar_MC/images/mcDistance_dx.pdf Graphic file (type pdf)
<use nbar_MC/images/mcDistance_dx.pdf>
Package pdftex.def Info: nbar_MC/images/mcDistance_dx.pdf  used on input line 3
13.
(pdftex.def)             Requested size: 169.0519pt x 115.08821pt.


[48 <./nbar_MC/images/mcErrors.pdf, page is rotated 90 degrees>]
<nbar_MC/images/mcDistance_full.pdf, id=2409, 569.12625pt x 387.4475pt>
File: nbar_MC/images/mcDistance_full.pdf Graphic file (type pdf)
<use nbar_MC/images/mcDistance_full.pdf>
Package pdftex.def Info: nbar_MC/images/mcDistance_full.pdf  used on input line
 324.
(pdftex.def)             Requested size: 241.49895pt x 164.40584pt.

Overfull \hbox (0.3061pt too wide) in paragraph at lines 329--332
\OT1/cmr/m/n/10 menta, en-er-gies from calorime-ters, or de-cay ver-tices come 
with resolution-limited
 []



[49 <./nbar_MC/images/mcDistance_sx.pdf, page is rotated 90 degrees> <./nbar_MC
/images/mcDistance_dx.pdf, page is rotated 90 degrees> <./nbar_MC/images/mcDist
ance_full.pdf, page is rotated 90 degrees>]
<nbar_MC/images/kin_delta_theta_mc.pdf, id=2543, 569.12625pt x 387.4475pt>
File: nbar_MC/images/kin_delta_theta_mc.pdf Graphic file (type pdf)
<use nbar_MC/images/kin_delta_theta_mc.pdf>
Package pdftex.def Info: nbar_MC/images/kin_delta_theta_mc.pdf  used on input l
ine 335.
(pdftex.def)             Requested size: 169.0519pt x 115.08821pt.
<nbar_MC/images/kin_delta_theta_rec.pdf, id=2544, 569.12625pt x 387.4475pt>
File: nbar_MC/images/kin_delta_theta_rec.pdf Graphic file (type pdf)
<use nbar_MC/images/kin_delta_theta_rec.pdf>
Package pdftex.def Info: nbar_MC/images/kin_delta_theta_rec.pdf  used on input 
line 336.
(pdftex.def)             Requested size: 169.0519pt x 115.08821pt.
<nbar_MC/images/kin_delta_p_mc.pdf, id=2545, 569.12625pt x 387.4475pt>
File: nbar_MC/images/kin_delta_p_mc.pdf Graphic file (type pdf)
<use nbar_MC/images/kin_delta_p_mc.pdf>
Package pdftex.def Info: nbar_MC/images/kin_delta_p_mc.pdf  used on input line 
337.
(pdftex.def)             Requested size: 169.0519pt x 115.08821pt.
<nbar_MC/images/kin_delta_p_rec.pdf, id=2546, 569.12625pt x 387.4475pt>
File: nbar_MC/images/kin_delta_p_rec.pdf Graphic file (type pdf)
<use nbar_MC/images/kin_delta_p_rec.pdf>
Package pdftex.def Info: nbar_MC/images/kin_delta_p_rec.pdf  used on input line
 338.
(pdftex.def)             Requested size: 169.0519pt x 115.08821pt.


[50 <./nbar_MC/images/kin_delta_theta_mc.pdf, page is rotated 90 degrees> <./nb
ar_MC/images/kin_delta_theta_rec.pdf, page is rotated 90 degrees> <./nbar_MC/im
ages/kin_delta_p_mc.pdf, page is rotated 90 degrees> <./nbar_MC/images/kin_delt
a_p_rec.pdf, page is rotated 90 degrees>]
<nbar_MC/images/cluster.png, id=2725, 508.90125pt x 438.63875pt>
File: nbar_MC/images/cluster.png Graphic file (type png)
<use nbar_MC/images/cluster.png>
Package pdftex.def Info: nbar_MC/images/cluster.png  used on input line 359.
(pdftex.def)             Requested size: 172.5pt x 148.68007pt.


[51 <./nbar_MC/images/cluster.png>]

[52]
<nbar_MC/images/zernike.png, id=2742, 803.0pt x 803.0pt>
File: nbar_MC/images/zernike.png Graphic file (type png)
<use nbar_MC/images/zernike.png>
Package pdftex.def Info: nbar_MC/images/zernike.png  used on input line 415.
(pdftex.def)             Requested size: 207.0021pt x 206.99843pt.


[53 <./nbar_MC/images/zernike.png>]
<nbar_MC/images/clusterE_isr.pdf, id=2749, 569.12625pt x 387.4475pt>
File: nbar_MC/images/clusterE_isr.pdf Graphic file (type pdf)
<use nbar_MC/images/clusterE_isr.pdf>
Package pdftex.def Info: nbar_MC/images/clusterE_isr.pdf  used on input line 43
1.
(pdftex.def)             Requested size: 169.0519pt x 115.08821pt.
<nbar_MC/images/clusterE1E9_isr.pdf, id=2750, 569.12625pt x 387.4475pt>
File: nbar_MC/images/clusterE1E9_isr.pdf Graphic file (type pdf)
<use nbar_MC/images/clusterE1E9_isr.pdf>
Package pdftex.def Info: nbar_MC/images/clusterE1E9_isr.pdf  used on input line
 432.
(pdftex.def)             Requested size: 169.0519pt x 115.08821pt.
<nbar_MC/images/clusterE9E21_isr.pdf, id=2751, 569.12625pt x 387.4475pt>
File: nbar_MC/images/clusterE9E21_isr.pdf Graphic file (type pdf)
<use nbar_MC/images/clusterE9E21_isr.pdf>
Package pdftex.def Info: nbar_MC/images/clusterE9E21_isr.pdf  used on input lin
e 433.
(pdftex.def)             Requested size: 169.0519pt x 115.08821pt.
<nbar_MC/images/clusterLAT_isr.pdf, id=2752, 569.12625pt x 387.4475pt>
File: nbar_MC/images/clusterLAT_isr.pdf Graphic file (type pdf)
<use nbar_MC/images/clusterLAT_isr.pdf>
Package pdftex.def Info: nbar_MC/images/clusterLAT_isr.pdf  used on input line 
434.
(pdftex.def)             Requested size: 169.0519pt x 115.08821pt.
<nbar_MC/images/clusterSecondMoment_isr.pdf, id=2753, 569.12625pt x 387.4475pt>

File: nbar_MC/images/clusterSecondMoment_isr.pdf Graphic file (type pdf)
<use nbar_MC/images/clusterSecondMoment_isr.pdf>
Package pdftex.def Info: nbar_MC/images/clusterSecondMoment_isr.pdf  used on in
put line 435.
(pdftex.def)             Requested size: 169.0519pt x 115.08821pt.
<nbar_MC/images/clusterAbsZernikeMoment40_isr.pdf, id=2754, 569.12625pt x 387.4
475pt>
File: nbar_MC/images/clusterAbsZernikeMoment40_isr.pdf Graphic file (type pdf)
<use nbar_MC/images/clusterAbsZernikeMoment40_isr.pdf>
Package pdftex.def Info: nbar_MC/images/clusterAbsZernikeMoment40_isr.pdf  used
 on input line 436.
(pdftex.def)             Requested size: 169.0519pt x 115.08821pt.
<nbar_MC/images/clusterAbsZernikeMoment51_isr.pdf, id=2755, 569.12625pt x 387.4
475pt>
File: nbar_MC/images/clusterAbsZernikeMoment51_isr.pdf Graphic file (type pdf)
<use nbar_MC/images/clusterAbsZernikeMoment51_isr.pdf>
Package pdftex.def Info: nbar_MC/images/clusterAbsZernikeMoment51_isr.pdf  used
 on input line 437.
(pdftex.def)             Requested size: 169.0519pt x 115.08821pt.
<nbar_MC/images/clusterNHits_isr.pdf, id=2756, 569.12625pt x 387.4475pt>
File: nbar_MC/images/clusterNHits_isr.pdf Graphic file (type pdf)
<use nbar_MC/images/clusterNHits_isr.pdf>
Package pdftex.def Info: nbar_MC/images/clusterNHits_isr.pdf  used on input lin
e 438.
(pdftex.def)             Requested size: 169.0519pt x 115.08821pt.


[54 <./nbar_MC/images/clusterE_isr.pdf, page is rotated 90 degrees> <./nbar_MC/
images/clusterE1E9_isr.pdf, page is rotated 90 degrees> <./nbar_MC/images/clust
erE9E21_isr.pdf, page is rotated 90 degrees> <./nbar_MC/images/clusterLAT_isr.p
df, page is rotated 90 degrees> <./nbar_MC/images/clusterSecondMoment_isr.pdf, 
page is rotated 90 degrees> <./nbar_MC/images/clusterAbsZernikeMoment40_isr.pdf
, page is rotated 90 degrees> <./nbar_MC/images/clusterAbsZernikeMoment51_isr.p
df, page is rotated 90 degrees> <./nbar_MC/images/clusterNHits_isr.pdf, page is
 rotated 90 degrees>]
<nbar_MC/images/clusterE_nog.pdf, id=3107, 569.12625pt x 387.4475pt>
File: nbar_MC/images/clusterE_nog.pdf Graphic file (type pdf)
<use nbar_MC/images/clusterE_nog.pdf>
Package pdftex.def Info: nbar_MC/images/clusterE_nog.pdf  used on input line 44
8.
(pdftex.def)             Requested size: 169.0519pt x 115.08821pt.
<nbar_MC/images/clusterE1E9_nog.pdf, id=3108, 569.12625pt x 387.4475pt>
File: nbar_MC/images/clusterE1E9_nog.pdf Graphic file (type pdf)
<use nbar_MC/images/clusterE1E9_nog.pdf>
Package pdftex.def Info: nbar_MC/images/clusterE1E9_nog.pdf  used on input line
 449.
(pdftex.def)             Requested size: 169.0519pt x 115.08821pt.
<nbar_MC/images/clusterE9E21_nog.pdf, id=3109, 569.12625pt x 387.4475pt>
File: nbar_MC/images/clusterE9E21_nog.pdf Graphic file (type pdf)
<use nbar_MC/images/clusterE9E21_nog.pdf>
Package pdftex.def Info: nbar_MC/images/clusterE9E21_nog.pdf  used on input lin
e 450.
(pdftex.def)             Requested size: 169.0519pt x 115.08821pt.
<nbar_MC/images/clusterLAT_nog.pdf, id=3110, 569.12625pt x 387.4475pt>
File: nbar_MC/images/clusterLAT_nog.pdf Graphic file (type pdf)
<use nbar_MC/images/clusterLAT_nog.pdf>
Package pdftex.def Info: nbar_MC/images/clusterLAT_nog.pdf  used on input line 
451.
(pdftex.def)             Requested size: 169.0519pt x 115.08821pt.
<nbar_MC/images/clusterSecondMoment_nog.pdf, id=3111, 569.12625pt x 387.4475pt>

File: nbar_MC/images/clusterSecondMoment_nog.pdf Graphic file (type pdf)
<use nbar_MC/images/clusterSecondMoment_nog.pdf>
Package pdftex.def Info: nbar_MC/images/clusterSecondMoment_nog.pdf  used on in
put line 452.
(pdftex.def)             Requested size: 169.0519pt x 115.08821pt.
<nbar_MC/images/clusterAbsZernikeMoment40_nog.pdf, id=3112, 569.12625pt x 387.4
475pt>
File: nbar_MC/images/clusterAbsZernikeMoment40_nog.pdf Graphic file (type pdf)
<use nbar_MC/images/clusterAbsZernikeMoment40_nog.pdf>
Package pdftex.def Info: nbar_MC/images/clusterAbsZernikeMoment40_nog.pdf  used
 on input line 453.
(pdftex.def)             Requested size: 169.0519pt x 115.08821pt.
<nbar_MC/images/clusterAbsZernikeMoment51_nog.pdf, id=3113, 569.12625pt x 387.4
475pt>
File: nbar_MC/images/clusterAbsZernikeMoment51_nog.pdf Graphic file (type pdf)
<use nbar_MC/images/clusterAbsZernikeMoment51_nog.pdf>
Package pdftex.def Info: nbar_MC/images/clusterAbsZernikeMoment51_nog.pdf  used
 on input line 454.
(pdftex.def)             Requested size: 169.0519pt x 115.08821pt.
<nbar_MC/images/clusterNHits_nog.pdf, id=3114, 569.12625pt x 387.4475pt>
File: nbar_MC/images/clusterNHits_nog.pdf Graphic file (type pdf)
<use nbar_MC/images/clusterNHits_nog.pdf>
Package pdftex.def Info: nbar_MC/images/clusterNHits_nog.pdf  used on input lin
e 455.
(pdftex.def)             Requested size: 169.0519pt x 115.08821pt.


[55 <./nbar_MC/images/clusterE_nog.pdf, page is rotated 90 degrees> <./nbar_MC/
images/clusterE1E9_nog.pdf, page is rotated 90 degrees> <./nbar_MC/images/clust
erE9E21_nog.pdf, page is rotated 90 degrees> <./nbar_MC/images/clusterLAT_nog.p
df, page is rotated 90 degrees> <./nbar_MC/images/clusterSecondMoment_nog.pdf, 
page is rotated 90 degrees> <./nbar_MC/images/clusterAbsZernikeMoment40_nog.pdf
, page is rotated 90 degrees> <./nbar_MC/images/clusterAbsZernikeMoment51_nog.p
df, page is rotated 90 degrees> <./nbar_MC/images/clusterNHits_nog.pdf, page is
 rotated 90 degrees>]

[56]
<nbar_MC/images/clusterE_isr_ancestor.pdf, id=3472, 569.12625pt x 387.4475pt>
File: nbar_MC/images/clusterE_isr_ancestor.pdf Graphic file (type pdf)
<use nbar_MC/images/clusterE_isr_ancestor.pdf>
Package pdftex.def Info: nbar_MC/images/clusterE_isr_ancestor.pdf  used on inpu
t line 488.
(pdftex.def)             Requested size: 169.0519pt x 115.08821pt.
<nbar_MC/images/clusterE1E9_isr_ancestor.pdf, id=3473, 569.12625pt x 387.4475pt
>
File: nbar_MC/images/clusterE1E9_isr_ancestor.pdf Graphic file (type pdf)
<use nbar_MC/images/clusterE1E9_isr_ancestor.pdf>
Package pdftex.def Info: nbar_MC/images/clusterE1E9_isr_ancestor.pdf  used on i
nput line 489.
(pdftex.def)             Requested size: 169.0519pt x 115.08821pt.
<nbar_MC/images/clusterE9E21_isr_ancestor.pdf, id=3474, 569.12625pt x 387.4475p
t>
File: nbar_MC/images/clusterE9E21_isr_ancestor.pdf Graphic file (type pdf)
<use nbar_MC/images/clusterE9E21_isr_ancestor.pdf>
Package pdftex.def Info: nbar_MC/images/clusterE9E21_isr_ancestor.pdf  used on 
input line 490.
(pdftex.def)             Requested size: 169.0519pt x 115.08821pt.
<nbar_MC/images/clusterLAT_isr_ancestor.pdf, id=3475, 569.12625pt x 387.4475pt>

File: nbar_MC/images/clusterLAT_isr_ancestor.pdf Graphic file (type pdf)
<use nbar_MC/images/clusterLAT_isr_ancestor.pdf>
Package pdftex.def Info: nbar_MC/images/clusterLAT_isr_ancestor.pdf  used on in
put line 491.
(pdftex.def)             Requested size: 169.0519pt x 115.08821pt.
<nbar_MC/images/clusterSecondMoment_isr_ancestor.pdf, id=3476, 569.12625pt x 38
7.4475pt>
File: nbar_MC/images/clusterSecondMoment_isr_ancestor.pdf Graphic file (type pd
f)
<use nbar_MC/images/clusterSecondMoment_isr_ancestor.pdf>
Package pdftex.def Info: nbar_MC/images/clusterSecondMoment_isr_ancestor.pdf  u
sed on input line 492.
(pdftex.def)             Requested size: 169.0519pt x 115.08821pt.
<nbar_MC/images/clusterAbsZernikeMoment40_isr_ancestor.pdf, id=3477, 569.12625p
t x 387.4475pt>
File: nbar_MC/images/clusterAbsZernikeMoment40_isr_ancestor.pdf Graphic file (t
ype pdf)
<use nbar_MC/images/clusterAbsZernikeMoment40_isr_ancestor.pdf>
Package pdftex.def Info: nbar_MC/images/clusterAbsZernikeMoment40_isr_ancestor.
pdf  used on input line 493.
(pdftex.def)             Requested size: 169.0519pt x 115.08821pt.
<nbar_MC/images/clusterAbsZernikeMoment51_isr_ancestor.pdf, id=3478, 569.12625p
t x 387.4475pt>
File: nbar_MC/images/clusterAbsZernikeMoment51_isr_ancestor.pdf Graphic file (t
ype pdf)
<use nbar_MC/images/clusterAbsZernikeMoment51_isr_ancestor.pdf>
Package pdftex.def Info: nbar_MC/images/clusterAbsZernikeMoment51_isr_ancestor.
pdf  used on input line 494.
(pdftex.def)             Requested size: 169.0519pt x 115.08821pt.
<nbar_MC/images/clusterNHits_isr_ancestor.pdf, id=3479, 569.12625pt x 387.4475p
t>
File: nbar_MC/images/clusterNHits_isr_ancestor.pdf Graphic file (type pdf)
<use nbar_MC/images/clusterNHits_isr_ancestor.pdf>
Package pdftex.def Info: nbar_MC/images/clusterNHits_isr_ancestor.pdf  used on 
input line 495.
(pdftex.def)             Requested size: 169.0519pt x 115.08821pt.


[57 <./nbar_MC/images/clusterE_isr_ancestor.pdf, page is rotated 90 degrees> <.
/nbar_MC/images/clusterE1E9_isr_ancestor.pdf, page is rotated 90 degrees> <./nb
ar_MC/images/clusterE9E21_isr_ancestor.pdf, page is rotated 90 degrees> <./nbar
_MC/images/clusterLAT_isr_ancestor.pdf, page is rotated 90 degrees> <./nbar_MC/
images/clusterSecondMoment_isr_ancestor.pdf, page is rotated 90 degrees> <./nba
r_MC/images/clusterAbsZernikeMoment40_isr_ancestor.pdf, page is rotated 90 degr
ees> <./nbar_MC/images/clusterAbsZernikeMoment51_isr_ancestor.pdf, page is rota
ted 90 degrees> <./nbar_MC/images/clusterNHits_isr_ancestor.pdf, page is rotate
d 90 degrees>]
<nbar_MC/images/clusterE_nog_ancestor.pdf, id=3831, 569.12625pt x 387.4475pt>
File: nbar_MC/images/clusterE_nog_ancestor.pdf Graphic file (type pdf)
<use nbar_MC/images/clusterE_nog_ancestor.pdf>
Package pdftex.def Info: nbar_MC/images/clusterE_nog_ancestor.pdf  used on inpu
t line 505.
(pdftex.def)             Requested size: 169.0519pt x 115.08821pt.
<nbar_MC/images/clusterE1E9_nog_ancestor.pdf, id=3832, 569.12625pt x 387.4475pt
>
File: nbar_MC/images/clusterE1E9_nog_ancestor.pdf Graphic file (type pdf)
<use nbar_MC/images/clusterE1E9_nog_ancestor.pdf>
Package pdftex.def Info: nbar_MC/images/clusterE1E9_nog_ancestor.pdf  used on i
nput line 506.
(pdftex.def)             Requested size: 169.0519pt x 115.08821pt.
<nbar_MC/images/clusterE9E21_nog_ancestor.pdf, id=3833, 569.12625pt x 387.4475p
t>
File: nbar_MC/images/clusterE9E21_nog_ancestor.pdf Graphic file (type pdf)
<use nbar_MC/images/clusterE9E21_nog_ancestor.pdf>
Package pdftex.def Info: nbar_MC/images/clusterE9E21_nog_ancestor.pdf  used on 
input line 507.
(pdftex.def)             Requested size: 169.0519pt x 115.08821pt.
<nbar_MC/images/clusterLAT_nog_ancestor.pdf, id=3834, 569.12625pt x 387.4475pt>

File: nbar_MC/images/clusterLAT_nog_ancestor.pdf Graphic file (type pdf)
<use nbar_MC/images/clusterLAT_nog_ancestor.pdf>
Package pdftex.def Info: nbar_MC/images/clusterLAT_nog_ancestor.pdf  used on in
put line 508.
(pdftex.def)             Requested size: 169.0519pt x 115.08821pt.
<nbar_MC/images/clusterSecondMoment_nog_ancestor.pdf, id=3835, 569.12625pt x 38
7.4475pt>
File: nbar_MC/images/clusterSecondMoment_nog_ancestor.pdf Graphic file (type pd
f)
<use nbar_MC/images/clusterSecondMoment_nog_ancestor.pdf>
Package pdftex.def Info: nbar_MC/images/clusterSecondMoment_nog_ancestor.pdf  u
sed on input line 509.
(pdftex.def)             Requested size: 169.0519pt x 115.08821pt.
<nbar_MC/images/clusterAbsZernikeMoment40_nog_ancestor.pdf, id=3836, 569.12625p
t x 387.4475pt>
File: nbar_MC/images/clusterAbsZernikeMoment40_nog_ancestor.pdf Graphic file (t
ype pdf)
<use nbar_MC/images/clusterAbsZernikeMoment40_nog_ancestor.pdf>
Package pdftex.def Info: nbar_MC/images/clusterAbsZernikeMoment40_nog_ancestor.
pdf  used on input line 510.
(pdftex.def)             Requested size: 169.0519pt x 115.08821pt.
<nbar_MC/images/clusterAbsZernikeMoment51_nog_ancestor.pdf, id=3837, 569.12625p
t x 387.4475pt>
File: nbar_MC/images/clusterAbsZernikeMoment51_nog_ancestor.pdf Graphic file (t
ype pdf)
<use nbar_MC/images/clusterAbsZernikeMoment51_nog_ancestor.pdf>
Package pdftex.def Info: nbar_MC/images/clusterAbsZernikeMoment51_nog_ancestor.
pdf  used on input line 511.
(pdftex.def)             Requested size: 169.0519pt x 115.08821pt.
<nbar_MC/images/clusterNHits_nog_ancestor.pdf, id=3838, 569.12625pt x 387.4475p
t>
File: nbar_MC/images/clusterNHits_nog_ancestor.pdf Graphic file (type pdf)
<use nbar_MC/images/clusterNHits_nog_ancestor.pdf>
Package pdftex.def Info: nbar_MC/images/clusterNHits_nog_ancestor.pdf  used on 
input line 512.
(pdftex.def)             Requested size: 169.0519pt x 115.08821pt.


[58 <./nbar_MC/images/clusterE_nog_ancestor.pdf, page is rotated 90 degrees> <.
/nbar_MC/images/clusterE1E9_nog_ancestor.pdf, page is rotated 90 degrees> <./nb
ar_MC/images/clusterE9E21_nog_ancestor.pdf, page is rotated 90 degrees> <./nbar
_MC/images/clusterLAT_nog_ancestor.pdf, page is rotated 90 degrees> <./nbar_MC/
images/clusterSecondMoment_nog_ancestor.pdf, page is rotated 90 degrees> <./nba
r_MC/images/clusterAbsZernikeMoment40_nog_ancestor.pdf, page is rotated 90 degr
ees> <./nbar_MC/images/clusterAbsZernikeMoment51_nog_ancestor.pdf, page is rota
ted 90 degrees> <./nbar_MC/images/clusterNHits_nog_ancestor.pdf, page is rotate
d 90 degrees>]
<nbar_MC/images/clusterE_hitscut_isr.pdf, id=4188, 569.12625pt x 387.4475pt>
File: nbar_MC/images/clusterE_hitscut_isr.pdf Graphic file (type pdf)
<use nbar_MC/images/clusterE_hitscut_isr.pdf>
Package pdftex.def Info: nbar_MC/images/clusterE_hitscut_isr.pdf  used on input
 line 524.
(pdftex.def)             Requested size: 169.0519pt x 115.08821pt.
<nbar_MC/images/clusterE1E9_hitscut_isr.pdf, id=4189, 569.12625pt x 387.4475pt>

File: nbar_MC/images/clusterE1E9_hitscut_isr.pdf Graphic file (type pdf)
<use nbar_MC/images/clusterE1E9_hitscut_isr.pdf>
Package pdftex.def Info: nbar_MC/images/clusterE1E9_hitscut_isr.pdf  used on in
put line 525.
(pdftex.def)             Requested size: 169.0519pt x 115.08821pt.
<nbar_MC/images/clusterE9E21_hitscut_isr.pdf, id=4190, 569.12625pt x 387.4475pt
>
File: nbar_MC/images/clusterE9E21_hitscut_isr.pdf Graphic file (type pdf)
<use nbar_MC/images/clusterE9E21_hitscut_isr.pdf>
Package pdftex.def Info: nbar_MC/images/clusterE9E21_hitscut_isr.pdf  used on i
nput line 526.
(pdftex.def)             Requested size: 169.0519pt x 115.08821pt.
<nbar_MC/images/clusterLAT_hitscut_isr.pdf, id=4191, 569.12625pt x 387.4475pt>
File: nbar_MC/images/clusterLAT_hitscut_isr.pdf Graphic file (type pdf)
<use nbar_MC/images/clusterLAT_hitscut_isr.pdf>
Package pdftex.def Info: nbar_MC/images/clusterLAT_hitscut_isr.pdf  used on inp
ut line 527.
(pdftex.def)             Requested size: 169.0519pt x 115.08821pt.
<nbar_MC/images/clusterSecondMoment_hitscut_isr.pdf, id=4192, 569.12625pt x 387
.4475pt>
File: nbar_MC/images/clusterSecondMoment_hitscut_isr.pdf Graphic file (type pdf
)
<use nbar_MC/images/clusterSecondMoment_hitscut_isr.pdf>
Package pdftex.def Info: nbar_MC/images/clusterSecondMoment_hitscut_isr.pdf  us
ed on input line 528.
(pdftex.def)             Requested size: 169.0519pt x 115.08821pt.
<nbar_MC/images/clusterAbsZernikeMoment40_hitscut_isr.pdf, id=4193, 569.12625pt
 x 387.4475pt>
File: nbar_MC/images/clusterAbsZernikeMoment40_hitscut_isr.pdf Graphic file (ty
pe pdf)
<use nbar_MC/images/clusterAbsZernikeMoment40_hitscut_isr.pdf>
Package pdftex.def Info: nbar_MC/images/clusterAbsZernikeMoment40_hitscut_isr.p
df  used on input line 529.
(pdftex.def)             Requested size: 169.0519pt x 115.08821pt.
<nbar_MC/images/clusterAbsZernikeMoment51_hitscut_isr.pdf, id=4194, 569.12625pt
 x 387.4475pt>
File: nbar_MC/images/clusterAbsZernikeMoment51_hitscut_isr.pdf Graphic file (ty
pe pdf)
<use nbar_MC/images/clusterAbsZernikeMoment51_hitscut_isr.pdf>
Package pdftex.def Info: nbar_MC/images/clusterAbsZernikeMoment51_hitscut_isr.p
df  used on input line 530.
(pdftex.def)             Requested size: 169.0519pt x 115.08821pt.
<nbar_MC/images/clusterNHits_hitscut_isr.pdf, id=4195, 569.12625pt x 387.4475pt
>
File: nbar_MC/images/clusterNHits_hitscut_isr.pdf Graphic file (type pdf)
<use nbar_MC/images/clusterNHits_hitscut_isr.pdf>
Package pdftex.def Info: nbar_MC/images/clusterNHits_hitscut_isr.pdf  used on i
nput line 531.
(pdftex.def)             Requested size: 169.0519pt x 115.08821pt.


[59 <./nbar_MC/images/clusterE_hitscut_isr.pdf, page is rotated 90 degrees> <./
nbar_MC/images/clusterE1E9_hitscut_isr.pdf, page is rotated 90 degrees> <./nbar
_MC/images/clusterE9E21_hitscut_isr.pdf, page is rotated 90 degrees> <./nbar_MC
/images/clusterLAT_hitscut_isr.pdf, page is rotated 90 degrees> <./nbar_MC/imag
es/clusterSecondMoment_hitscut_isr.pdf, page is rotated 90 degrees> <./nbar_MC/
images/clusterAbsZernikeMoment40_hitscut_isr.pdf, page is rotated 90 degrees> <
./nbar_MC/images/clusterAbsZernikeMoment51_hitscut_isr.pdf, page is rotated 90 
degrees> <./nbar_MC/images/clusterNHits_hitscut_isr.pdf, page is rotated 90 deg
rees>]
<nbar_MC/images/clusterE_hitscut_nog.pdf, id=4546, 569.12625pt x 387.4475pt>
File: nbar_MC/images/clusterE_hitscut_nog.pdf Graphic file (type pdf)
<use nbar_MC/images/clusterE_hitscut_nog.pdf>
Package pdftex.def Info: nbar_MC/images/clusterE_hitscut_nog.pdf  used on input
 line 543.
(pdftex.def)             Requested size: 169.0519pt x 115.08821pt.
<nbar_MC/images/clusterE1E9_hitscut_nog.pdf, id=4547, 569.12625pt x 387.4475pt>

File: nbar_MC/images/clusterE1E9_hitscut_nog.pdf Graphic file (type pdf)
<use nbar_MC/images/clusterE1E9_hitscut_nog.pdf>
Package pdftex.def Info: nbar_MC/images/clusterE1E9_hitscut_nog.pdf  used on in
put line 544.
(pdftex.def)             Requested size: 169.0519pt x 115.08821pt.
<nbar_MC/images/clusterE9E21_hitscut_nog.pdf, id=4548, 569.12625pt x 387.4475pt
>
File: nbar_MC/images/clusterE9E21_hitscut_nog.pdf Graphic file (type pdf)
<use nbar_MC/images/clusterE9E21_hitscut_nog.pdf>
Package pdftex.def Info: nbar_MC/images/clusterE9E21_hitscut_nog.pdf  used on i
nput line 545.
(pdftex.def)             Requested size: 169.0519pt x 115.08821pt.
<nbar_MC/images/clusterLAT_hitscut_nog.pdf, id=4549, 569.12625pt x 387.4475pt>
File: nbar_MC/images/clusterLAT_hitscut_nog.pdf Graphic file (type pdf)
<use nbar_MC/images/clusterLAT_hitscut_nog.pdf>
Package pdftex.def Info: nbar_MC/images/clusterLAT_hitscut_nog.pdf  used on inp
ut line 546.
(pdftex.def)             Requested size: 169.0519pt x 115.08821pt.
<nbar_MC/images/clusterSecondMoment_hitscut_nog.pdf, id=4550, 569.12625pt x 387
.4475pt>
File: nbar_MC/images/clusterSecondMoment_hitscut_nog.pdf Graphic file (type pdf
)
<use nbar_MC/images/clusterSecondMoment_hitscut_nog.pdf>
Package pdftex.def Info: nbar_MC/images/clusterSecondMoment_hitscut_nog.pdf  us
ed on input line 547.
(pdftex.def)             Requested size: 169.0519pt x 115.08821pt.
<nbar_MC/images/clusterAbsZernikeMoment40_hitscut_nog.pdf, id=4551, 569.12625pt
 x 387.4475pt>
File: nbar_MC/images/clusterAbsZernikeMoment40_hitscut_nog.pdf Graphic file (ty
pe pdf)
<use nbar_MC/images/clusterAbsZernikeMoment40_hitscut_nog.pdf>
Package pdftex.def Info: nbar_MC/images/clusterAbsZernikeMoment40_hitscut_nog.p
df  used on input line 548.
(pdftex.def)             Requested size: 169.0519pt x 115.08821pt.
<nbar_MC/images/clusterAbsZernikeMoment51_hitscut_nog.pdf, id=4552, 569.12625pt
 x 387.4475pt>
File: nbar_MC/images/clusterAbsZernikeMoment51_hitscut_nog.pdf Graphic file (ty
pe pdf)
<use nbar_MC/images/clusterAbsZernikeMoment51_hitscut_nog.pdf>
Package pdftex.def Info: nbar_MC/images/clusterAbsZernikeMoment51_hitscut_nog.p
df  used on input line 549.
(pdftex.def)             Requested size: 169.0519pt x 115.08821pt.
<nbar_MC/images/clusterNHits_hitscut_nog.pdf, id=4553, 569.12625pt x 387.4475pt
>
File: nbar_MC/images/clusterNHits_hitscut_nog.pdf Graphic file (type pdf)
<use nbar_MC/images/clusterNHits_hitscut_nog.pdf>
Package pdftex.def Info: nbar_MC/images/clusterNHits_hitscut_nog.pdf  used on i
nput line 550.
(pdftex.def)             Requested size: 169.0519pt x 115.08821pt.


[60 <./nbar_MC/images/clusterE_hitscut_nog.pdf, page is rotated 90 degrees> <./
nbar_MC/images/clusterE1E9_hitscut_nog.pdf, page is rotated 90 degrees> <./nbar
_MC/images/clusterE9E21_hitscut_nog.pdf, page is rotated 90 degrees> <./nbar_MC
/images/clusterLAT_hitscut_nog.pdf, page is rotated 90 degrees> <./nbar_MC/imag
es/clusterSecondMoment_hitscut_nog.pdf, page is rotated 90 degrees> <./nbar_MC/
images/clusterAbsZernikeMoment40_hitscut_nog.pdf, page is rotated 90 degrees> <
./nbar_MC/images/clusterAbsZernikeMoment51_hitscut_nog.pdf, page is rotated 90 
degrees> <./nbar_MC/images/clusterNHits_hitscut_nog.pdf, page is rotated 90 deg
rees>]
<nbar_MC/images/cluster_region.pdf, id=4903, 569.12625pt x 387.4475pt>
File: nbar_MC/images/cluster_region.pdf Graphic file (type pdf)
<use nbar_MC/images/cluster_region.pdf>
Package pdftex.def Info: nbar_MC/images/cluster_region.pdf  used on input line 
566.
(pdftex.def)             Requested size: 276.00105pt x 187.89998pt.


[61 <./nbar_MC/images/cluster_region.pdf, page is rotated 90 degrees>]
<nbar_MC/images/clusterE_nog_region.pdf, id=4953, 569.12625pt x 387.4475pt>
File: nbar_MC/images/clusterE_nog_region.pdf Graphic file (type pdf)
<use nbar_MC/images/clusterE_nog_region.pdf>
Package pdftex.def Info: nbar_MC/images/clusterE_nog_region.pdf  used on input 
line 580.
(pdftex.def)             Requested size: 169.0519pt x 115.08821pt.
<nbar_MC/images/clusterE1E9_nog_region.pdf, id=4954, 569.12625pt x 387.4475pt>
File: nbar_MC/images/clusterE1E9_nog_region.pdf Graphic file (type pdf)
<use nbar_MC/images/clusterE1E9_nog_region.pdf>
Package pdftex.def Info: nbar_MC/images/clusterE1E9_nog_region.pdf  used on inp
ut line 581.
(pdftex.def)             Requested size: 169.0519pt x 115.08821pt.
<nbar_MC/images/clusterE9E21_nog_region.pdf, id=4955, 569.12625pt x 387.4475pt>

File: nbar_MC/images/clusterE9E21_nog_region.pdf Graphic file (type pdf)
<use nbar_MC/images/clusterE9E21_nog_region.pdf>
Package pdftex.def Info: nbar_MC/images/clusterE9E21_nog_region.pdf  used on in
put line 582.
(pdftex.def)             Requested size: 169.0519pt x 115.08821pt.
<nbar_MC/images/clusterLAT_nog_region.pdf, id=4956, 569.12625pt x 387.4475pt>
File: nbar_MC/images/clusterLAT_nog_region.pdf Graphic file (type pdf)
<use nbar_MC/images/clusterLAT_nog_region.pdf>
Package pdftex.def Info: nbar_MC/images/clusterLAT_nog_region.pdf  used on inpu
t line 583.
(pdftex.def)             Requested size: 169.0519pt x 115.08821pt.
<nbar_MC/images/clusterSecondMoment_nog_region.pdf, id=4957, 569.12625pt x 387.
4475pt>
File: nbar_MC/images/clusterSecondMoment_nog_region.pdf Graphic file (type pdf)

<use nbar_MC/images/clusterSecondMoment_nog_region.pdf>
Package pdftex.def Info: nbar_MC/images/clusterSecondMoment_nog_region.pdf  use
d on input line 584.
(pdftex.def)             Requested size: 169.0519pt x 115.08821pt.
<nbar_MC/images/clusterAbsZernikeMoment40_nog_region.pdf, id=4958, 569.12625pt 
x 387.4475pt>
File: nbar_MC/images/clusterAbsZernikeMoment40_nog_region.pdf Graphic file (typ
e pdf)
<use nbar_MC/images/clusterAbsZernikeMoment40_nog_region.pdf>
Package pdftex.def Info: nbar_MC/images/clusterAbsZernikeMoment40_nog_region.pd
f  used on input line 585.
(pdftex.def)             Requested size: 169.0519pt x 115.08821pt.
<nbar_MC/images/clusterAbsZernikeMoment51_nog_region.pdf, id=4959, 569.12625pt 
x 387.4475pt>
File: nbar_MC/images/clusterAbsZernikeMoment51_nog_region.pdf Graphic file (typ
e pdf)
<use nbar_MC/images/clusterAbsZernikeMoment51_nog_region.pdf>
Package pdftex.def Info: nbar_MC/images/clusterAbsZernikeMoment51_nog_region.pd
f  used on input line 586.
(pdftex.def)             Requested size: 169.0519pt x 115.08821pt.
<nbar_MC/images/clusterNHits_nog_region.pdf, id=4960, 569.12625pt x 387.4475pt>

File: nbar_MC/images/clusterNHits_nog_region.pdf Graphic file (type pdf)
<use nbar_MC/images/clusterNHits_nog_region.pdf>
Package pdftex.def Info: nbar_MC/images/clusterNHits_nog_region.pdf  used on in
put line 587.
(pdftex.def)             Requested size: 169.0519pt x 115.08821pt.


[62 <./nbar_MC/images/clusterE_nog_region.pdf, page is rotated 90 degrees> <./n
bar_MC/images/clusterE1E9_nog_region.pdf, page is rotated 90 degrees> <./nbar_M
C/images/clusterE9E21_nog_region.pdf, page is rotated 90 degrees> <./nbar_MC/im
ages/clusterLAT_nog_region.pdf, page is rotated 90 degrees> <./nbar_MC/images/c
lusterSecondMoment_nog_region.pdf, page is rotated 90 degrees> <./nbar_MC/image
s/clusterAbsZernikeMoment40_nog_region.pdf, page is rotated 90 degrees> <./nbar
_MC/images/clusterAbsZernikeMoment51_nog_region.pdf, page is rotated 90 degrees
> <./nbar_MC/images/clusterNHits_nog_region.pdf, page is rotated 90 degrees>])

[63] (./nbar_cocktail/nbar_cocktail_eng.tex
<nbar_cocktail/images/qqbar_diag.png, id=5315, 783.92876pt x 538.01pt>
File: nbar_cocktail/images/qqbar_diag.png Graphic file (type png)
<use nbar_cocktail/images/qqbar_diag.png>
Package pdftex.def Info: nbar_cocktail/images/qqbar_diag.png  used on input lin
e 10.
(pdftex.def)             Requested size: 155.24895pt x 106.54108pt.

Overfull \hbox (5.16736pt too wide) in paragraph at lines 16--23
\OT1/cmr/m/n/10 Data and Monte Carlo sam-ples can be ``skimmed'' by ap-ply-ing 
analysis-dependent
 []



[64

 <./nbar_cocktail/images/qqbar_diag.png>]
<nbar_cocktail/images/datafiles.png, id=5321, 1200.485pt x 619.31375pt>
File: nbar_cocktail/images/datafiles.png Graphic file (type png)
<use nbar_cocktail/images/datafiles.png>
Package pdftex.def Info: nbar_cocktail/images/datafiles.png  used on input line
 26.
(pdftex.def)             Requested size: 345.0pt x 177.98044pt.
<nbar_cocktail/images/grid_distribution.png, id=5322, 1571.8725pt x 684.5575pt>

File: nbar_cocktail/images/grid_distribution.png Graphic file (type png)
<use nbar_cocktail/images/grid_distribution.png>
Package pdftex.def Info: nbar_cocktail/images/grid_distribution.png  used on in
put line 36.
(pdftex.def)             Requested size: 345.0pt x 150.24796pt.


[65 <./nbar_cocktail/images/datafiles.png>]
<nbar_cocktail/images/BelleII_processes.png, id=5328, 846.16125pt x 546.04pt>
File: nbar_cocktail/images/BelleII_processes.png Graphic file (type png)
<use nbar_cocktail/images/BelleII_processes.png>
Package pdftex.def Info: nbar_cocktail/images/BelleII_processes.png  used on in
put line 70.
(pdftex.def)             Requested size: 258.75pt x 166.97104pt.


[66 <./nbar_cocktail/images/grid_distribution.png>]

[67 <./nbar_cocktail/images/BelleII_processes.png>]
<nbar_cocktail/images/ROE_diag.png, id=5348, 486.81876pt x 521.95pt>
File: nbar_cocktail/images/ROE_diag.png Graphic file (type png)
<use nbar_cocktail/images/ROE_diag.png>
Package pdftex.def Info: nbar_cocktail/images/ROE_diag.png  used on input line 
97.
(pdftex.def)             Requested size: 155.24895pt x 166.45398pt.
<nbar_cocktail/images/clusterEnergy_isr.pdf, id=5350, 569.12625pt x 387.4475pt>

File: nbar_cocktail/images/clusterEnergy_isr.pdf Graphic file (type pdf)
<use nbar_cocktail/images/clusterEnergy_isr.pdf>
Package pdftex.def Info: nbar_cocktail/images/clusterEnergy_isr.pdf  used on in
put line 106.
(pdftex.def)             Requested size: 276.00105pt x 187.89998pt.


LaTeX Warning: `h' float specifier changed to `ht'.



[68 <./nbar_cocktail/images/ROE_diag.png>]

Package hyperref Warning: Token not allowed in a PDF string (Unicode):
(hyperref)                removing `math shift' on input line 115.


Package hyperref Warning: Token not allowed in a PDF string (Unicode):
(hyperref)                removing `math shift' on input line 115.

<nbar_cocktail/images/recoil_mass_nog_020.pdf, id=5357, 569.12625pt x 387.4475p
t>
File: nbar_cocktail/images/recoil_mass_nog_020.pdf Graphic file (type pdf)
<use nbar_cocktail/images/recoil_mass_nog_020.pdf>
Package pdftex.def Info: nbar_cocktail/images/recoil_mass_nog_020.pdf  used on 
input line 119.
(pdftex.def)             Requested size: 276.00105pt x 187.89998pt.

LaTeX Warning: `h' float specifier changed to `ht'.

<nbar_cocktail/images/topoana_nog_020.png, id=5359, 1204.5pt x 384.43625pt>
File: nbar_cocktail/images/topoana_nog_020.png Graphic file (type png)
<use nbar_cocktail/images/topoana_nog_020.png>
Package pdftex.def Info: nbar_cocktail/images/topoana_nog_020.png  used on inpu
t line 127.
(pdftex.def)             Requested size: 345.0pt x 110.11101pt.


[69 <./nbar_cocktail/images/clusterEnergy_isr.pdf, page is rotated 90 degrees>]


[70 <./nbar_cocktail/images/recoil_mass_nog_020.pdf, page is rotated 90 degrees
> <./nbar_cocktail/images/topoana_nog_020.png>]
<nbar_cocktail/images/recoilM_comps_nog_020.pdf, id=5458, 569.12625pt x 387.447
5pt>
File: nbar_cocktail/images/recoilM_comps_nog_020.pdf Graphic file (type pdf)
<use nbar_cocktail/images/recoilM_comps_nog_020.pdf>
Package pdftex.def Info: nbar_cocktail/images/recoilM_comps_nog_020.pdf  used o
n input line 150.
(pdftex.def)             Requested size: 310.4979pt x 211.38821pt.
<nbar_cocktail/images/recoilM_comp0_nog_020.pdf, id=5461, 569.12625pt x 387.447
5pt>
File: nbar_cocktail/images/recoilM_comp0_nog_020.pdf Graphic file (type pdf)
<use nbar_cocktail/images/recoilM_comp0_nog_020.pdf>
Package pdftex.def Info: nbar_cocktail/images/recoilM_comp0_nog_020.pdf  used o
n input line 162.
(pdftex.def)             Requested size: 169.0519pt x 115.08821pt.
<nbar_cocktail/images/recoilM_comp3_nog_020.pdf, id=5462, 569.12625pt x 387.447
5pt>
File: nbar_cocktail/images/recoilM_comp3_nog_020.pdf Graphic file (type pdf)
<use nbar_cocktail/images/recoilM_comp3_nog_020.pdf>
Package pdftex.def Info: nbar_cocktail/images/recoilM_comp3_nog_020.pdf  used o
n input line 163.
(pdftex.def)             Requested size: 169.0519pt x 115.08821pt.


[71 <./nbar_cocktail/images/recoilM_comps_nog_020.pdf, page is rotated 90 degre
es>]
<nbar_cocktail/images/recoilM_comps_nog_020_0+3.pdf, id=5516, 569.12625pt x 387
.4475pt>
File: nbar_cocktail/images/recoilM_comps_nog_020_0+3.pdf Graphic file (type pdf
)
<use nbar_cocktail/images/recoilM_comps_nog_020_0+3.pdf>
Package pdftex.def Info: nbar_cocktail/images/recoilM_comps_nog_020_0+3.pdf  us
ed on input line 171.
(pdftex.def)             Requested size: 310.4979pt x 211.38821pt.


Package hyperref Warning: Token not allowed in a PDF string (Unicode):
(hyperref)                removing `math shift' on input line 180.


Package hyperref Warning: Token not allowed in a PDF string (Unicode):
(hyperref)                removing `\alpha' on input line 180.


Package hyperref Warning: Token not allowed in a PDF string (Unicode):
(hyperref)                removing `math shift' on input line 180.



[72 <./nbar_cocktail/images/recoilM_comp0_nog_020.pdf, page is rotated 90 degre
es> <./nbar_cocktail/images/recoilM_comp3_nog_020.pdf, page is rotated 90 degre
es> <./nbar_cocktail/images/recoilM_comps_nog_020_0+3.pdf, page is rotated 90 d
egrees>]
<nbar_cocktail/images/fom_alpha.pdf, id=5652, 569.12625pt x 387.4475pt>
File: nbar_cocktail/images/fom_alpha.pdf Graphic file (type pdf)
<use nbar_cocktail/images/fom_alpha.pdf>
Package pdftex.def Info: nbar_cocktail/images/fom_alpha.pdf  used on input line
 204.
(pdftex.def)             Requested size: 241.49895pt x 164.40584pt.
<nbar_cocktail/images/roc_alpha_true.pdf, id=5654, 569.12625pt x 387.4475pt>
File: nbar_cocktail/images/roc_alpha_true.pdf Graphic file (type pdf)
<use nbar_cocktail/images/roc_alpha_true.pdf>
Package pdftex.def Info: nbar_cocktail/images/roc_alpha_true.pdf  used on input
 line 215.
(pdftex.def)             Requested size: 241.49895pt x 164.40584pt.


LaTeX Warning: `h' float specifier changed to `ht'.



[73]

[74 <./nbar_cocktail/images/fom_alpha.pdf, page is rotated 90 degrees> <./nbar_
cocktail/images/roc_alpha_true.pdf, page is rotated 90 degrees>]
<nbar_cocktail/images/eff_alpha.pdf, id=5750, 569.12625pt x 387.4475pt>
File: nbar_cocktail/images/eff_alpha.pdf Graphic file (type pdf)
<use nbar_cocktail/images/eff_alpha.pdf>
Package pdftex.def Info: nbar_cocktail/images/eff_alpha.pdf  used on input line
 229.
(pdftex.def)             Requested size: 241.49895pt x 164.40584pt.
<nbar_cocktail/images/recoilM_comps_nog_010.pdf, id=5752, 569.12625pt x 387.447
5pt>
File: nbar_cocktail/images/recoilM_comps_nog_010.pdf Graphic file (type pdf)
<use nbar_cocktail/images/recoilM_comps_nog_010.pdf>
Package pdftex.def Info: nbar_cocktail/images/recoilM_comps_nog_010.pdf  used o
n input line 238.
(pdftex.def)             Requested size: 241.49895pt x 164.40584pt.
<nbar_cocktail/images/topo_uubar_010.png, id=5754, 1063.975pt x 190.7125pt>
File: nbar_cocktail/images/topo_uubar_010.png Graphic file (type png)
<use nbar_cocktail/images/topo_uubar_010.png>
Package pdftex.def Info: nbar_cocktail/images/topo_uubar_010.png  used on input
 line 248.
(pdftex.def)             Requested size: 345.0pt x 61.83823pt.


[75 <./nbar_cocktail/images/eff_alpha.pdf, page is rotated 90 degrees> <./nbar_
cocktail/images/recoilM_comps_nog_010.pdf, page is rotated 90 degrees>]

Package hyperref Warning: Token not allowed in a PDF string (Unicode):
(hyperref)                removing `math shift' on input line 255.


Package hyperref Warning: Token not allowed in a PDF string (Unicode):
(hyperref)                removing `math shift' on input line 255.

<nbar_cocktail/images/topoana_nog_010_qqbar.png, id=5848, 1239.63126pt x 383.43
25pt>
File: nbar_cocktail/images/topoana_nog_010_qqbar.png Graphic file (type png)
<use nbar_cocktail/images/topoana_nog_010_qqbar.png>
Package pdftex.def Info: nbar_cocktail/images/topoana_nog_010_qqbar.png  used o
n input line 261.
(pdftex.def)             Requested size: 345.0pt x 106.71094pt.
File: nbar_cocktail/images/topo_uubar_010.png Graphic file (type png)
<use nbar_cocktail/images/topo_uubar_010.png>
Package pdftex.def Info: nbar_cocktail/images/topo_uubar_010.png  used on input
 line 270.
(pdftex.def)             Requested size: 345.0pt x 61.83823pt.
<nbar_cocktail/images/topo_ddbar_010.png, id=5850, 1093.08376pt x 192.72pt>
File: nbar_cocktail/images/topo_ddbar_010.png Graphic file (type png)
<use nbar_cocktail/images/topo_ddbar_010.png>
Package pdftex.def Info: nbar_cocktail/images/topo_ddbar_010.png  used on input
 line 271.
(pdftex.def)             Requested size: 345.0pt x 60.82474pt.
<nbar_cocktail/images/topo_ssbar_010.png, id=5851, 1134.2375pt x 187.70125pt>
File: nbar_cocktail/images/topo_ssbar_010.png Graphic file (type png)
<use nbar_cocktail/images/topo_ssbar_010.png>
Package pdftex.def Info: nbar_cocktail/images/topo_ssbar_010.png  used on input
 line 272.
(pdftex.def)             Requested size: 345.0pt x 57.0927pt.
<nbar_cocktail/images/topo_ccbar_010.png, id=5852, 1244.65pt x 101.37875pt>
File: nbar_cocktail/images/topo_ccbar_010.png Graphic file (type png)
<use nbar_cocktail/images/topo_ccbar_010.png>
Package pdftex.def Info: nbar_cocktail/images/topo_ccbar_010.png  used on input
 line 273.
(pdftex.def)             Requested size: 345.0pt x 28.10121pt.


[76 <./nbar_cocktail/images/topo_uubar_010.png> <./nbar_cocktail/images/topoana
_nog_010_qqbar.png>])

[77 <./nbar_cocktail/images/topo_ddbar_010.png> <./nbar_cocktail/images/topo_ss
bar_010.png> <./nbar_cocktail/images/topo_ccbar_010.png>]
(./appendix/appendix_eng.tex
<appendix/images/dec_file.png, id=5866, 763.85374pt x 76.285pt>
File: appendix/images/dec_file.png Graphic file (type png)
<use appendix/images/dec_file.png>
Package pdftex.def Info: appendix/images/dec_file.png  used on input line 20.
(pdftex.def)             Requested size: 345.0pt x 34.4548pt.


[78

 <./appendix/images/dec_file.png>]
<appendix/images/gen_file.png, id=5872, 709.65125pt x 388.45125pt>
File: appendix/images/gen_file.png Graphic file (type png)
<use appendix/images/gen_file.png>
Package pdftex.def Info: appendix/images/gen_file.png  used on input line 46.
(pdftex.def)             Requested size: 345.0pt x 188.84909pt.
)

[79 <./appendix/images/gen_file.png>] (./Zanusso_MSc.bbl

[80

])

[81] (./Zanusso_MSc.aux)
 ***********
LaTeX2e <2024-11-01> patch level 2
L3 programming layer <2025-01-18>
 ***********
Package rerunfilecheck Info: File `Zanusso_MSc.out' has not changed.
(rerunfilecheck)             Checksum: 96E2DFB817EF18165B14F336EE0544A7;10660.
 ) 
Here is how much of TeX's memory you used:
 15423 strings out of 473190
 280167 string characters out of 5715800
 641706 words of memory out of 5000000
 38205 multiletter control sequences out of 15000+600000
 568463 words of font info for 73 fonts, out of 8000000 for 9000
 1141 hyphenation exceptions out of 8191
 75i,13n,79p,1101b,563s stack positions out of 10000i,1000n,20000p,200000b,200000s
</usr/local/texlive/2025/texmf-dist/fonts/type1/public/amsfonts/cm/cmbx10.pfb
></usr/local/texlive/2025/texmf-dist/fonts/type1/public/amsfonts/cm/cmbx12.pfb>
</usr/local/texlive/2025/texmf-dist/fonts/type1/public/amsfonts/cm/cmbx9.pfb></
usr/local/texlive/2025/texmf-dist/fonts/type1/public/amsfonts/cm/cmex10.pfb></u
sr/local/texlive/2025/texmf-dist/fonts/type1/public/amsfonts/cmextra/cmex7.pfb>
</usr/local/texlive/2025/texmf-dist/fonts/type1/public/amsfonts/cm/cmmi10.pfb><
/usr/local/texlive/2025/texmf-dist/fonts/type1/public/amsfonts/cm/cmmi12.pfb></
usr/local/texlive/2025/texmf-dist/fonts/type1/public/amsfonts/cm/cmmi5.pfb></us
r/local/texlive/2025/texmf-dist/fonts/type1/public/amsfonts/cm/cmmi7.pfb></usr/
local/texlive/2025/texmf-dist/fonts/type1/public/amsfonts/cm/cmr10.pfb></usr/lo
cal/texlive/2025/texmf-dist/fonts/type1/public/amsfonts/cm/cmr12.pfb></usr/loca
l/texlive/2025/texmf-dist/fonts/type1/public/amsfonts/cm/cmr5.pfb></usr/local/t
exlive/2025/texmf-dist/fonts/type1/public/amsfonts/cm/cmr6.pfb></usr/local/texl
ive/2025/texmf-dist/fonts/type1/public/amsfonts/cm/cmr7.pfb></usr/local/texlive
/2025/texmf-dist/fonts/type1/public/amsfonts/cm/cmr8.pfb></usr/local/texlive/20
25/texmf-dist/fonts/type1/public/amsfonts/cm/cmsy10.pfb></usr/local/texlive/202
5/texmf-dist/fonts/type1/public/amsfonts/cm/cmsy5.pfb></usr/local/texlive/2025/
texmf-dist/fonts/type1/public/amsfonts/cm/cmsy7.pfb></usr/local/texlive/2025/te
xmf-dist/fonts/type1/public/amsfonts/cm/cmti10.pfb></usr/local/texlive/2025/tex
mf-dist/fonts/type1/public/amsfonts/cm/cmtt10.pfb></usr/local/texlive/2025/texm
f-dist/fonts/type1/public/amsfonts/symbols/msam10.pfb></usr/local/texlive/2025/
texmf-dist/fonts/type1/public/cm-super/sfrm1000.pfb>
Output written on Zanusso_MSc.pdf (85 pages, 7745052 bytes).
PDF statistics:
 6049 PDF objects out of 6186 (max. 8388607)
 2987 compressed objects within 30 object streams
 282 named destinations out of 1000 (max. 500000)
 1155 words of extra memory for PDF output out of 10000 (max. 10000000)

