This is pdfTeX, Version 3.141592653-2.6-1.40.27 (TeX Live 2025) (preloaded format=pdflatex 2026.1.19)  25 FEB 2026 10:09
entering extended mode
 restricted \write18 enabled.
 file:line:error style messages enabled.
 %&-line parsing enabled.
**nbar_MC_eng.tex
(./nbar_MC_eng.tex
LaTeX2e <2024-11-01> patch level 2
L3 programming layer <2025-01-18>
./nbar_MC_eng.tex:1: Undefined control sequence.
l.1 \section
            {Study of the signal sample channel}
? 
./nbar_MC_eng.tex:1: Emergency stop.
l.1 
    
End of file on the terminal!

 
Here is how much of TeX's memory you used:
 14 strings out of 473190
 360 string characters out of 5715800
 391984 words of memory out of 5000000
 23367 multiletter control sequences out of 15000+600000
 558837 words of font info for 36 fonts, out of 8000000 for 9000
 1141 hyphenation exceptions out of 8191
 12i,0n,13p,91b,8s stack positions out of 10000i,1000n,20000p,200000b,200000s
./nbar_MC_eng.tex:1:  ==> Fatal error occurred, no output PDF file produced!
