This is pdfTeX, Version 3.141592653-2.6-1.40.27 (TeX Live 2025) (preloaded format=pdflatex 2026.1.19)  27 MAR 2026 11:02
entering extended mode
 restricted \write18 enabled.
 file:line:error style messages enabled.
 %&-line parsing enabled.
**appendix_eng.tex
(./appendix_eng.tex
LaTeX2e <2024-11-01> patch level 2
L3 programming layer <2025-01-18>

./appendix_eng.tex:1: LaTeX Error: No counter 'subsection' defined.

See the LaTeX manual or LaTeX Companion for explanation.
Type  H <return>  for immediate help.
 ...                                              
                                                  
l.1 \setcounter{subsection}{0}
                              
? 
./appendix_eng.tex:1: Emergency stop.
 ...                                              
                                                  
l.1 \setcounter{subsection}{0}
                              
Your command was ignored.
Type  I <command> <return>  to replace it with another command,
or  <return>  to continue without it.

 
Here is how much of TeX's memory you used:
 15 strings out of 473190
 504 string characters out of 5715800
 391984 words of memory out of 5000000
 23367 multiletter control sequences out of 15000+600000
 558837 words of font info for 36 fonts, out of 8000000 for 9000
 1141 hyphenation exceptions out of 8191
 12i,0n,13p,74b,14s stack positions out of 10000i,1000n,20000p,200000b,200000s
./appendix_eng.tex:1:  ==> Fatal error occurred, no output PDF file produced!
